Archive member included to satisfy reference by file (symbol)

.pio/build/nucleo_f767zi/lib1c5/libDPolynomial.a(DPolynomial.cpp.o)
                              .pio/build/nucleo_f767zi/src/main.cpp.o (Polynomial_3::isFinished())
.pio/build/nucleo_f767zi/libb79/libDEMS22A.a(DEMS22A.cpp.o)
                              .pio/build/nucleo_f767zi/src/main.cpp.o (DEMS22A::DEMS22A(int, int, int))
.pio/build/nucleo_f767zi/lib931/libDOptoEncoder.a(DOptoEncoder.cpp.o)
                              .pio/build/nucleo_f767zi/src/main.cpp.o (DOptoEncoder::DOptoEncoder(int))
.pio/build/nucleo_f767zi/libFrameworkArduino.a(HardwareSerial.cpp.o)
                              .pio/build/nucleo_f767zi/src/main.cpp.o (HardwareSerial::available())
.pio/build/nucleo_f767zi/libFrameworkArduino.a(Print.cpp.o)
                              .pio/build/nucleo_f767zi/src/main.cpp.o (Print::print(char const*))
.pio/build/nucleo_f767zi/libFrameworkArduino.a(Stream.cpp.o)
                              .pio/build/nucleo_f767zi/libFrameworkArduino.a(HardwareSerial.cpp.o) (Stream::readBytes(char*, unsigned int))
.pio/build/nucleo_f767zi/libFrameworkArduino.a(WInterrupts.cpp.o)
                              .pio/build/nucleo_f767zi/src/main.cpp.o (detachInterrupt(unsigned long))
.pio/build/nucleo_f767zi/libFrameworkArduino.a(WMath.cpp.o)
                              .pio/build/nucleo_f767zi/src/main.cpp.o (map(long, long, long, long, long))
.pio/build/nucleo_f767zi/libFrameworkArduino.a(WString.cpp.o)
                              .pio/build/nucleo_f767zi/src/main.cpp.o (String::~String())
.pio/build/nucleo_f767zi/libFrameworkArduino.a(dtostrf.c.o)
                              .pio/build/nucleo_f767zi/libFrameworkArduino.a(WString.cpp.o) (dtostrf)
.pio/build/nucleo_f767zi/libFrameworkArduino.a(itoa.c.o)
                              .pio/build/nucleo_f767zi/libFrameworkArduino.a(WString.cpp.o) (ltoa)
.pio/build/nucleo_f767zi/libFrameworkArduino.a(main.cpp.o)
                              c:/users/andre/.platformio/packages/toolchain-gccarmnoneeabi/bin/../lib/gcc/arm-none-eabi/12.3.1/../../../../arm-none-eabi/lib/thumb/v7e-m+fp/hard/crt0.o (main)
.pio/build/nucleo_f767zi/libFrameworkArduino.a(startup_stm32yyxx.S.o)
                              (Reset_Handler)
.pio/build/nucleo_f767zi/libFrameworkArduino.a(wiring_analog.c.o)
                              .pio/build/nucleo_f767zi/src/main.cpp.o (analogReadResolution)
.pio/build/nucleo_f767zi/libFrameworkArduino.a(wiring_digital.c.o)
                              .pio/build/nucleo_f767zi/src/main.cpp.o (pinMode)
.pio/build/nucleo_f767zi/libFrameworkArduino.a(wiring_time.c.o)
                              .pio/build/nucleo_f767zi/src/main.cpp.o (millis)
.pio/build/nucleo_f767zi/libFrameworkArduino.a(WSerial.cpp.o)
                              .pio/build/nucleo_f767zi/libFrameworkArduino.a(main.cpp.o) (serialEventRun())
.pio/build/nucleo_f767zi/libFrameworkArduino.a(board.c.o)
                              .pio/build/nucleo_f767zi/libFrameworkArduino.a(main.cpp.o) (init)
.pio/build/nucleo_f767zi/libFrameworkArduino.a(hooks.c.o)
                              .pio/build/nucleo_f767zi/libFrameworkArduino.a(wiring_time.c.o) (yield)
.pio/build/nucleo_f767zi/libFrameworkArduino.a(pins_arduino.c.o)
                              .pio/build/nucleo_f767zi/libFrameworkArduino.a(wiring_analog.c.o) (analogInputToPinName)
c:/users/andre/.platformio/packages/toolchain-gccarmnoneeabi/bin/../lib/gcc/arm-none-eabi/12.3.1/thumb/v7e-m+fp/hard\libgcc.a(_arm_muldf3.o)
                              .pio/build/nucleo_f767zi/SrcWrapper/src/HardwareTimer.cpp.o (__aeabi_dmul)
c:/users/andre/.platformio/packages/toolchain-gccarmnoneeabi/bin/../lib/gcc/arm-none-eabi/12.3.1/thumb/v7e-m+fp/hard\libgcc.a(_arm_addsubdf3.o)
                              .pio/build/nucleo_f767zi/src/main.cpp.o (__aeabi_dsub)
c:/users/andre/.platformio/packages/toolchain-gccarmnoneeabi/bin/../lib/gcc/arm-none-eabi/12.3.1/thumb/v7e-m+fp/hard\libgcc.a(_arm_muldivdf3.o)
                              .pio/build/nucleo_f767zi/SrcWrapper/src/HardwareTimer.cpp.o (__aeabi_ddiv)
c:/users/andre/.platformio/packages/toolchain-gccarmnoneeabi/bin/../lib/gcc/arm-none-eabi/12.3.1/thumb/v7e-m+fp/hard\libgcc.a(_arm_cmpdf2.o)
                              .pio/build/nucleo_f767zi/lib1c5/libDPolynomial.a(DPolynomial.cpp.o) (__aeabi_dcmpeq)
c:/users/andre/.platformio/packages/toolchain-gccarmnoneeabi/bin/../lib/gcc/arm-none-eabi/12.3.1/thumb/v7e-m+fp/hard\libgcc.a(_arm_unorddf2.o)
                              .pio/build/nucleo_f767zi/libFrameworkArduino.a(Print.cpp.o) (__aeabi_dcmpun)
c:/users/andre/.platformio/packages/toolchain-gccarmnoneeabi/bin/../lib/gcc/arm-none-eabi/12.3.1/thumb/v7e-m+fp/hard\libgcc.a(_arm_fixdfsi.o)
                              .pio/build/nucleo_f767zi/libFrameworkArduino.a(dtostrf.c.o) (__aeabi_d2iz)
[...]
Memory Configuration

Name             Origin             Length             Attributes
*default*        0x00000000         0xffffffff
RAM              0x20000000         0x00080000         xrw
FLASH            0x08000000         0x00200000         xr

Linker script and memory map

                0x20080000                        _estack = (ORIGIN (RAM) + LENGTH (RAM))
                0x00000200                        _Min_Heap_Size = 0x200
                0x00000400                        _Min_Stack_Size = 0x400

.isr_vector     0x08000000      0x1f8
                0x08000000                        . = ALIGN (0x4)
 *(.isr_vector)
 .isr_vector    0x08000000      0x1f8 .pio/build/nucleo_f767zi/libFrameworkArduino.a(startup_stm32yyxx.S.o)
                0x08000000                g_pfnVectors
                0x080001f8                        . = ALIGN (0x4)

.text           0x080001f8    0x111d8
                0x080001f8                        . = ALIGN (0x4)
 *(.text)
 .text          0x080001f8      0x378 c:/users/andre/.platformio/packages/toolchain-gccarmnoneeabi/bin/../lib/gcc/arm-none-eabi/12.3.1/thumb/v7e-m+fp/hard\libgcc.a(_arm_addsubdf3.o)
                0x080001f8                __aeabi_drsub
                0x08000200                __aeabi_dsub
                0x08000200                __subdf3
                0x08000204                __aeabi_dadd
                0x08000204                __adddf3
                0x0800047c                __floatunsidf
                0x0800047c                __aeabi_ui2d
                0x0800049c                __floatsidf
                0x0800049c                __aeabi_i2d
                0x080004c0                __aeabi_f2d
                0x080004c0                __extendsfdf2
                0x08000504                __floatundidf
                0x08000504                __aeabi_ul2d
                0x08000514                __floatdidf
                0x08000514                __aeabi_l2d
 .text          0x08000570      0x424 c:/users/andre/.platformio/packages/toolchain-gccarmnoneeabi/bin/../lib/gcc/arm-none-eabi/12.3.1/thumb/v7e-m+fp/hard\libgcc.a(_arm_muldivdf3.o)
                0x08000570                __aeabi_dmul
                0x08000570                __muldf3
                0x080007c4                __divdf3
                0x080007c4                __aeabi_ddiv
 .text          0x08000994      0x110 c:/users/andre/.platformio/packages/toolchain-gccarmnoneeabi/bin/../lib/gcc/arm-none-eabi/12.3.1/thumb/v7e-m+fp/hard\libgcc.a(_arm_cmpdf2.o)
                0x08000994                __gtdf2
                0x08000994                __gedf2
                0x0800099c                __ltdf2
                0x0800099c                __ledf2
                0x080009a4                __nedf2
                0x080009a4                __eqdf2
                0x080009a4                __cmpdf2
                0x08000a20                __aeabi_cdrcmple
                0x08000a30                __aeabi_cdcmpeq
                0x08000a30                __aeabi_cdcmple
                0x08000a40                __aeabi_dcmpeq
                0x08000a54                __aeabi_dcmplt
                0x08000a68                __aeabi_dcmple
                0x08000a7c                __aeabi_dcmpge
                0x08000a90                __aeabi_dcmpgt
 .text          0x08000aa4       0x2c c:/users/andre/.platformio/packages/toolchain-gccarmnoneeabi/bin/../lib/gcc/arm-none-eabi/12.3.1/thumb/v7e-m+fp/hard\libgcc.a(_arm_unorddf2.o)
                0x08000aa4                __unorddf2
                0x08000aa4                __aeabi_dcmpun
 .text          0x08000ad0       0x50 c:/users/andre/.platformio/packages/toolchain-gccarmnoneeabi/bin/../lib/gcc/arm-none-eabi/12.3.1/thumb/v7e-m+fp/hard\libgcc.a(_arm_fixdfsi.o)
                0x08000ad0                __aeabi_d2iz
                0x08000ad0                __fixdfsi
 .text          0x08000b20       0x40 c:/users/andre/.platformio/packages/toolchain-gccarmnoneeabi/bin/../lib/gcc/arm-none-eabi/12.3.1/thumb/v7e-m+fp/hard\libgcc.a(_arm_fixunsdfsi.o)
                0x08000b20                __aeabi_d2uiz
                0x08000b20                __fixunsdfsi
 .text          0x08000b60       0xa0 c:/users/andre/.platformio/packages/toolchain-gccarmnoneeabi/bin/../lib/gcc/arm-none-eabi/12.3.1/thumb/v7e-m+fp/hard\libgcc.a(_arm_truncdfsf2.o)
                0x08000b60                __truncdfsf2
                0x08000b60                __aeabi_d2f
 .text          0x08000c00       0x30 c:/users/andre/.platformio/packages/toolchain-gccarmnoneeabi/bin/../lib/gcc/arm-none-eabi/12.3.1/thumb/v7e-m+fp/hard\libgcc.a(_aeabi_uldivmod.o)
                0x08000c00                __aeabi_uldivmod
 .text          0x08000c30        0x4 c:/users/andre/.platformio/packages/toolchain-gccarmnoneeabi/bin/../lib/gcc/arm-none-eabi/12.3.1/thumb/v7e-m+fp/hard\libgcc.a(_dvmd_tls.o)
                0x08000c30                __aeabi_idiv0
                0x08000c30                __aeabi_ldiv0
 .text          0x08000c34       0x14 c:/users/andre/.platformio/packages/toolchain-gccarmnoneeabi/bin/../lib/gcc/arm-none-eabi/12.3.1/../../../../arm-none-eabi/lib/thumb/v7e-m+fp/hard\libc_nano.a(libc_a-strcmp.o)
                0x08000c34                strcmp
 .text          0x08000c48       0x10 c:/users/andre/.platformio/packages/toolchain-gccarmnoneeabi/bin/../lib/gcc/arm-none-eabi/12.3.1/../../../../arm-none-eabi/lib/thumb/v7e-m+fp/hard\libc_nano.a(libc_a-strlen.o)
                0x08000c48                strlen
 *(.text*)
 .text.__do_global_dtors_aux
                0x08000c58       0x24 c:/users/andre/.platformio/packages/toolchain-gccarmnoneeabi/bin/../lib/gcc/arm-none-eabi/12.3.1/thumb/v7e-m+fp/hard/crtbegin.o
 .text.frame_dummy
                0x08000c7c       0x1c c:/users/andre/.platformio/packages/toolchain-gccarmnoneeabi/bin/../lib/gcc/arm-none-eabi/12.3.1/thumb/v7e-m+fp/hard/crtbegin.o
 .text.SystemClock_Config
                0x08000c98       0xbc .pio/build/nucleo_f767zi/FrameworkArduinoVariant/variant_NUCLEO_F767ZI.cpp.o
                0x08000c98                SystemClock_Config
 .text.HAL_MspInit
                0x08000d54        0x2 .pio/build/nucleo_f767zi/SrcWrapper/src/HAL/stm32yyxx_hal.c.o
                0x08000d54                HAL_MspInit
 *fill*         0x08000d56        0x2 
 .text.HAL_InitTick
                0x08000d58       0x48 .pio/build/nucleo_f767zi/SrcWrapper/src/HAL/stm32yyxx_hal.c.o
                0x08000d58                HAL_InitTick
 .text.HAL_Init
                0x08000da0       0x2c .pio/build/nucleo_f767zi/SrcWrapper/src/HAL/stm32yyxx_hal.c.o
                0x08000da0                HAL_Init
 .text.HAL_IncTick
                0x08000dcc       0x18 .pio/build/nucleo_f767zi/SrcWrapper/src/HAL/stm32yyxx_hal.c.o
                0x08000dcc                HAL_IncTick
 .text.HAL_GetTick
                0x08000de4        0xc .pio/build/nucleo_f767zi/SrcWrapper/src/HAL/stm32yyxx_hal.c.o
                0x08000de4                HAL_GetTick
 .text.HAL_ADC_Init
                0x08000df0      0x14c .pio/build/nucleo_f767zi/SrcWrapper/src/HAL/stm32yyxx_hal_adc.c.o
                0x08000df0                HAL_ADC_Init
 .text.HAL_ADC_DeInit
                0x08000f3c       0x34 .pio/build/nucleo_f767zi/SrcWrapper/src/HAL/stm32yyxx_hal_adc.c.o
                0x08000f3c                HAL_ADC_DeInit
 .text.HAL_ADC_Start
                0x08000f70       0xf8 .pio/build/nucleo_f767zi/SrcWrapper/src/HAL/stm32yyxx_hal_adc.c.o
                0x08000f70                HAL_ADC_Start
 .text.HAL_ADC_Stop
                0x08001068       0x36 .pio/build/nucleo_f767zi/SrcWrapper/src/HAL/stm32yyxx_hal_adc.c.o
                0x08001068                HAL_ADC_Stop
 .text.HAL_ADC_PollForConversion
                0x0800109e       0xa6 .pio/build/nucleo_f767zi/SrcWrapper/src/HAL/stm32yyxx_hal_adc.c.o
                0x0800109e                HAL_ADC_PollForConversion
 .text.HAL_ADC_GetValue
                0x08001144        0x6 .pio/build/nucleo_f767zi/SrcWrapper/src/HAL/stm32yyxx_hal_adc.c.o
                0x08001144                HAL_ADC_GetValue
 *fill*         0x0800114a        0x2 
 .text.HAL_ADC_ConfigChannel
                0x0800114c      0x168 .pio/build/nucleo_f767zi/SrcWrapper/src/HAL/stm32yyxx_hal_adc.c.o
                0x0800114c                HAL_ADC_ConfigChannel
 .text.HAL_ADC_GetState
                0x080012b4        0x4 .pio/build/nucleo_f767zi/SrcWrapper/src/HAL/stm32yyxx_hal_adc.c.o
                0x080012b4                HAL_ADC_GetState
 .text.HAL_NVIC_SetPriorityGrouping
                0x080012b8       0x24 .pio/build/nucleo_f767zi/SrcWrapper/src/HAL/stm32yyxx_hal_cortex.c.o
                0x080012b8                HAL_NVIC_SetPriorityGrouping
 .text.HAL_NVIC_SetPriority
                0x080012dc       0x64 .pio/build/nucleo_f767zi/SrcWrapper/src/HAL/stm32yyxx_hal_cortex.c.o
                0x080012dc                HAL_NVIC_SetPriority
 .text.HAL_NVIC_EnableIRQ
                0x08001340       0x1c .pio/build/nucleo_f767zi/SrcWrapper/src/HAL/stm32yyxx_hal_cortex.c.o
                0x08001340                HAL_NVIC_EnableIRQ
 .text.HAL_NVIC_DisableIRQ
                0x0800135c       0x24 .pio/build/nucleo_f767zi/SrcWrapper/src/HAL/stm32yyxx_hal_cortex.c.o
                0x0800135c                HAL_NVIC_DisableIRQ
 .text.HAL_SYSTICK_Config
                0x08001380       0x28 .pio/build/nucleo_f767zi/SrcWrapper/src/HAL/stm32yyxx_hal_cortex.c.o
                0x08001380                HAL_SYSTICK_Config
 .text.HAL_NVIC_ClearPendingIRQ
                0x080013a8       0x1c .pio/build/nucleo_f767zi/SrcWrapper/src/HAL/stm32yyxx_hal_cortex.c.o
                0x080013a8                HAL_NVIC_ClearPendingIRQ
 .text.HAL_SYSTICK_Callback
                0x080013c4        0x2 .pio/build/nucleo_f767zi/SrcWrapper/src/HAL/stm32yyxx_hal_cortex.c.o
                0x080013c4                HAL_SYSTICK_Callback
 .text.HAL_SYSTICK_IRQHandler
                0x080013c6        0x8 .pio/build/nucleo_f767zi/SrcWrapper/src/HAL/stm32yyxx_hal_cortex.c.o
                0x080013c6                HAL_SYSTICK_IRQHandler
 .text.HAL_CRC_MspInit
                0x080013ce        0x2 .pio/build/nucleo_f767zi/SrcWrapper/src/HAL/stm32yyxx_hal_crc.c.o
                0x080013ce                HAL_CRC_MspInit
 .text.HAL_CRC_Init
                0x080013d0       0x74 .pio/build/nucleo_f767zi/SrcWrapper/src/HAL/stm32yyxx_hal_crc.c.o
                0x080013d0                HAL_CRC_Init
 .text.HAL_CRCEx_Polynomial_Set
                0x08001444       0x52 .pio/build/nucleo_f767zi/SrcWrapper/src/HAL/stm32yyxx_hal_crc_ex.c.o
                0x08001444                HAL_CRCEx_Polynomial_Set
 .text.HAL_DAC_Init
                0x08001496       0x26 .pio/build/nucleo_f767zi/SrcWrapper/src/HAL/stm32yyxx_hal_dac.c.o
                0x08001496                HAL_DAC_Init
 .text.HAL_DAC_DeInit
                0x080014bc       0x1c .pio/build/nucleo_f767zi/SrcWrapper/src/HAL/stm32yyxx_hal_dac.c.o
                0x080014bc                HAL_DAC_DeInit
 .text.HAL_DAC_Start
                0x080014d8       0x58 .pio/build/nucleo_f767zi/SrcWrapper/src/HAL/stm32yyxx_hal_dac.c.o
                0x080014d8                HAL_DAC_Start
 .text.HAL_DAC_Stop
                0x08001530       0x22 .pio/build/nucleo_f767zi/SrcWrapper/src/HAL/stm32yyxx_hal_dac.c.o
                0x08001530                HAL_DAC_Stop
 .text.HAL_DAC_SetValue
                0x08001552       0x2a .pio/build/nucleo_f767zi/SrcWrapper/src/HAL/stm32yyxx_hal_dac.c.o
                0x08001552                HAL_DAC_SetValue
 .text.HAL_DAC_ConfigChannel
                0x0800157c       0x4e .pio/build/nucleo_f767zi/SrcWrapper/src/HAL/stm32yyxx_hal_dac.c.o
                0x0800157c                HAL_DAC_ConfigChannel
 .text.HAL_DMA_Abort
                0x080015ca       0x7c .pio/build/nucleo_f767zi/SrcWrapper/src/HAL/stm32yyxx_hal_dma.c.o
                0x080015ca                HAL_DMA_Abort
 .text.HAL_DMA_Abort_IT
                0x08001646       0x24 .pio/build/nucleo_f767zi/SrcWrapper/src/HAL/stm32yyxx_hal_dma.c.o
                0x08001646                HAL_DMA_Abort_IT
 *fill*         0x0800166a        0x2 
 .text.HAL_GPIO_Init
                0x0800166c      0x1e4 .pio/build/nucleo_f767zi/SrcWrapper/src/HAL/stm32yyxx_hal_gpio.c.o
                0x0800166c                HAL_GPIO_Init
 .text.HAL_GPIO_EXTI_IRQHandler
                0x08001850       0x18 .pio/build/nucleo_f767zi/SrcWrapper/src/HAL/stm32yyxx_hal_gpio.c.o
                0x08001850                HAL_GPIO_EXTI_IRQHandler
 .text.HAL_PWREx_EnableOverDrive
                0x08001868       0x70 .pio/build/nucleo_f767zi/SrcWrapper/src/HAL/stm32yyxx_hal_pwr_ex.c.o
                0x08001868                HAL_PWREx_EnableOverDrive
 .text.HAL_RCC_OscConfig
                0x080018d8      0x388 .pio/build/nucleo_f767zi/SrcWrapper/src/HAL/stm32yyxx_hal_rcc.c.o
                0x080018d8                HAL_RCC_OscConfig
 .text.HAL_RCC_GetSysClockFreq
                0x08001c60       0x5c .pio/build/nucleo_f767zi/SrcWrapper/src/HAL/stm32yyxx_hal_rcc.c.o
                0x08001c60                HAL_RCC_GetSysClockFreq
 .text.HAL_RCC_ClockConfig
                0x08001cbc      0x13c .pio/build/nucleo_f767zi/SrcWrapper/src/HAL/stm32yyxx_hal_rcc.c.o
                0x08001cbc                HAL_RCC_ClockConfig
 .text.HAL_RCC_GetHCLKFreq
                0x08001df8        0xc .pio/build/nucleo_f767zi/SrcWrapper/src/HAL/stm32yyxx_hal_rcc.c.o
                0x08001df8                HAL_RCC_GetHCLKFreq
 .text.HAL_RCC_GetPCLK1Freq
                0x08001e04       0x20 .pio/build/nucleo_f767zi/SrcWrapper/src/HAL/stm32yyxx_hal_rcc.c.o
                0x08001e04                HAL_RCC_GetPCLK1Freq
 .text.HAL_RCC_GetPCLK2Freq
                0x08001e24       0x20 .pio/build/nucleo_f767zi/SrcWrapper/src/HAL/stm32yyxx_hal_rcc.c.o
                0x08001e24                HAL_RCC_GetPCLK2Freq
 .text.HAL_RCC_GetClockConfig
                0x08001e44       0x3c .pio/build/nucleo_f767zi/SrcWrapper/src/HAL/stm32yyxx_hal_rcc.c.o
                0x08001e44                HAL_RCC_GetClockConfig
 .text.HAL_RCCEx_PeriphCLKConfig
                0x08001e80      0x55c .pio/build/nucleo_f767zi/SrcWrapper/src/HAL/stm32yyxx_hal_rcc_ex.c.o
                0x08001e80                HAL_RCCEx_PeriphCLKConfig
 .text.HAL_RCCEx_GetPeriphCLKConfig
                0x080023dc      0x17c .pio/build/nucleo_f767zi/SrcWrapper/src/HAL/stm32yyxx_hal_rcc_ex.c.o
                0x080023dc                HAL_RCCEx_GetPeriphCLKConfig
 .text.TIM_OC1_SetConfig
                0x08002558       0x5c .pio/build/nucleo_f767zi/SrcWrapper/src/HAL/stm32yyxx_hal_tim.c.o
 .text.TIM_OC3_SetConfig
                0x080025b4       0x60 .pio/build/nucleo_f767zi/SrcWrapper/src/HAL/stm32yyxx_hal_tim.c.o
 .text.TIM_OC4_SetConfig
                0x08002614       0x50 .pio/build/nucleo_f767zi/SrcWrapper/src/HAL/stm32yyxx_hal_tim.c.o
 .text.TIM_OC5_SetConfig
                0x08002664       0x50 .pio/build/nucleo_f767zi/SrcWrapper/src/HAL/stm32yyxx_hal_tim.c.o
 .text.TIM_OC6_SetConfig
                0x080026b4       0x50 .pio/build/nucleo_f767zi/SrcWrapper/src/HAL/stm32yyxx_hal_tim.c.o
 .text.HAL_TIM_Base_Start
                0x08002704       0x74 .pio/build/nucleo_f767zi/SrcWrapper/src/HAL/stm32yyxx_hal_tim.c.o
                0x08002704                HAL_TIM_Base_Start
 .text.HAL_TIM_GenerateEvent
                0x08002778       0x22 .pio/build/nucleo_f767zi/SrcWrapper/src/HAL/stm32yyxx_hal_tim.c.o
                0x08002778                HAL_TIM_GenerateEvent
 .text.HAL_TIM_PWM_PulseFinishedCallback
                0x0800279a        0x2 .pio/build/nucleo_f767zi/SrcWrapper/src/HAL/stm32yyxx_hal_tim.c.o
                0x0800279a                HAL_TIM_PWM_PulseFinishedCallback
 .text.HAL_TIM_TriggerCallback
                0x0800279c        0x2 .pio/build/nucleo_f767zi/SrcWrapper/src/HAL/stm32yyxx_hal_tim.c.o
                0x0800279c                HAL_TIM_TriggerCallback
 .text.HAL_TIM_IRQHandler
                0x0800279e      0x140 .pio/build/nucleo_f767zi/SrcWrapper/src/HAL/stm32yyxx_hal_tim.c.o
                0x0800279e                HAL_TIM_IRQHandler
 *fill*         0x080028de        0x2 
 .text.TIM_Base_SetConfig
                0x080028e0       0xb0 .pio/build/nucleo_f767zi/SrcWrapper/src/HAL/stm32yyxx_hal_tim.c.o
                0x080028e0                TIM_Base_SetConfig
 .text.HAL_TIM_Base_Init
                0x08002990       0x60 .pio/build/nucleo_f767zi/SrcWrapper/src/HAL/stm32yyxx_hal_tim.c.o
                0x08002990                HAL_TIM_Base_Init
 .text.TIM_OC2_SetConfig
                0x080029f0       0x64 .pio/build/nucleo_f767zi/SrcWrapper/src/HAL/stm32yyxx_hal_tim.c.o
                0x080029f0                TIM_OC2_SetConfig
 .text.HAL_TIM_OC_ConfigChannel
                0x08002a54       0x64 .pio/build/nucleo_f767zi/SrcWrapper/src/HAL/stm32yyxx_hal_tim.c.o
                0x08002a54                HAL_TIM_OC_ConfigChannel
 .text.HAL_TIM_PWM_ConfigChannel
                0x08002ab8       0xf8 .pio/build/nucleo_f767zi/SrcWrapper/src/HAL/stm32yyxx_hal_tim.c.o
                0x08002ab8                HAL_TIM_PWM_ConfigChannel
 .text.TIM_TI1_SetConfig
                0x08002bb0       0x74 .pio/build/nucleo_f767zi/SrcWrapper/src/HAL/stm32yyxx_hal_tim.c.o
                0x08002bb0                TIM_TI1_SetConfig
 .text.HAL_TIM_IC_ConfigChannel
                0x08002c24      0x126 .pio/build/nucleo_f767zi/SrcWrapper/src/HAL/stm32yyxx_hal_tim.c.o
                0x08002c24                HAL_TIM_IC_ConfigChannel
 .text.TIM_CCxChannelCmd
                0x08002d4a       0x1c .pio/build/nucleo_f767zi/SrcWrapper/src/HAL/stm32yyxx_hal_tim.c.o
                0x08002d4a                TIM_CCxChannelCmd
 *fill*         0x08002d66        0x2 
 .text.HAL_TIM_OC_Start
                0x08002d68       0xf4 .pio/build/nucleo_f767zi/SrcWrapper/src/HAL/stm32yyxx_hal_tim.c.o
                0x08002d68                HAL_TIM_OC_Start
 .text.HAL_TIM_PWM_Start
                0x08002e5c        0x4 .pio/build/nucleo_f767zi/SrcWrapper/src/HAL/stm32yyxx_hal_tim.c.o
                0x08002e5c                HAL_TIM_PWM_Start
 .text.HAL_TIM_IC_Start
                0x08002e60      0x140 .pio/build/nucleo_f767zi/SrcWrapper/src/HAL/stm32yyxx_hal_tim.c.o
                0x08002e60                HAL_TIM_IC_Start
 .text.TIM_CCxNChannelCmd
                0x08002fa0       0x1c .pio/build/nucleo_f767zi/SrcWrapper/src/HAL/stm32yyxx_hal_tim_ex.c.o
 .text.HAL_TIMEx_OCN_Start
                0x08002fbc       0xc0 .pio/build/nucleo_f767zi/SrcWrapper/src/HAL/stm32yyxx_hal_tim_ex.c.o
                0x08002fbc                HAL_TIMEx_OCN_Start
 .text.HAL_TIMEx_PWMN_Start
                0x0800307c        0x4 .pio/build/nucleo_f767zi/SrcWrapper/src/HAL/stm32yyxx_hal_tim_ex.c.o
                0x0800307c                HAL_TIMEx_PWMN_Start
 .text.HAL_TIMEx_CommutCallback
                0x08003080        0x2 .pio/build/nucleo_f767zi/SrcWrapper/src/HAL/stm32yyxx_hal_tim_ex.c.o
                0x08003080                HAL_TIMEx_CommutCallback
 .text.HAL_TIMEx_BreakCallback
                0x08003082        0x2 .pio/build/nucleo_f767zi/SrcWrapper/src/HAL/stm32yyxx_hal_tim_ex.c.o
                0x08003082                HAL_TIMEx_BreakCallback
 .text.HAL_TIMEx_Break2Callback
                0x08003084        0x2 .pio/build/nucleo_f767zi/SrcWrapper/src/HAL/stm32yyxx_hal_tim_ex.c.o
                0x08003084                HAL_TIMEx_Break2Callback
 .text.UART_EndRxTransfer
                0x08003086       0x50 .pio/build/nucleo_f767zi/SrcWrapper/src/HAL/stm32yyxx_hal_uart.c.o
 .text.UART_TxISR_8BIT.part.0
                0x080030d6       0x26 .pio/build/nucleo_f767zi/SrcWrapper/src/HAL/stm32yyxx_hal_uart.c.o
 .text.UART_TxISR_8BIT
                0x080030fc       0x2e .pio/build/nucleo_f767zi/SrcWrapper/src/HAL/stm32yyxx_hal_uart.c.o
 .text.UART_TxISR_16BIT
                0x0800312a       0x32 .pio/build/nucleo_f767zi/SrcWrapper/src/HAL/stm32yyxx_hal_uart.c.o
 .text.HAL_UART_MspInit
                0x0800315c        0x2 .pio/build/nucleo_f767zi/SrcWrapper/src/HAL/stm32yyxx_hal_uart.c.o
                0x0800315c                HAL_UART_MspInit
 *fill*         0x0800315e        0x2 
 .text.HAL_UART_Transmit_IT
                0x08003160       0x60 .pio/build/nucleo_f767zi/SrcWrapper/src/HAL/stm32yyxx_hal_uart.c.o
                0x08003160                HAL_UART_Transmit_IT
 .text.UART_DMAAbortOnError
                0x080031c0       0x14 .pio/build/nucleo_f767zi/SrcWrapper/src/HAL/stm32yyxx_hal_uart.c.o
 .text.HAL_UARTEx_RxEventCallback
                0x080031d4        0x2 .pio/build/nucleo_f767zi/SrcWrapper/src/HAL/stm32yyxx_hal_uart.c.o
                0x080031d4                HAL_UARTEx_RxEventCallback
 .text.UART_RxISR_8BIT
                0x080031d6       0xc0 .pio/build/nucleo_f767zi/SrcWrapper/src/HAL/stm32yyxx_hal_uart.c.o
 .text.UART_RxISR_16BIT
                0x08003296       0xba .pio/build/nucleo_f767zi/SrcWrapper/src/HAL/stm32yyxx_hal_uart.c.o
 .text.HAL_UART_IRQHandler
                0x08003350      0x2e4 .pio/build/nucleo_f767zi/SrcWrapper/src/HAL/stm32yyxx_hal_uart.c.o
                0x08003350                HAL_UART_IRQHandler
 .text.HAL_HalfDuplex_EnableTransmitter
                0x08003634       0x48 .pio/build/nucleo_f767zi/SrcWrapper/src/HAL/stm32yyxx_hal_uart.c.o
                0x08003634                HAL_HalfDuplex_EnableTransmitter
 .text.HAL_HalfDuplex_EnableReceiver
                0x0800367c       0x48 .pio/build/nucleo_f767zi/SrcWrapper/src/HAL/stm32yyxx_hal_uart.c.o
                0x0800367c                HAL_HalfDuplex_EnableReceiver
 .text.HAL_UART_GetState
                0x080036c4        0xa .pio/build/nucleo_f767zi/SrcWrapper/src/HAL/stm32yyxx_hal_uart.c.o
                0x080036c4                HAL_UART_GetState
 *fill*         0x080036ce        0x2 
 .text.UART_SetConfig
                0x080036d0      0x238 .pio/build/nucleo_f767zi/SrcWrapper/src/HAL/stm32yyxx_hal_uart.c.o
                0x080036d0                UART_SetConfig
 .text.UART_AdvFeatureConfig
                0x08003908       0xaa .pio/build/nucleo_f767zi/SrcWrapper/src/HAL/stm32yyxx_hal_uart.c.o
                0x08003908                UART_AdvFeatureConfig
 .text.UART_WaitOnFlagUntilTimeout
                0x080039b2       0x90 .pio/build/nucleo_f767zi/SrcWrapper/src/HAL/stm32yyxx_hal_uart.c.o
                0x080039b2                UART_WaitOnFlagUntilTimeout
 .text.UART_CheckIdleState
                0x08003a42       0xb2 .pio/build/nucleo_f767zi/SrcWrapper/src/HAL/stm32yyxx_hal_uart.c.o
                0x08003a42                UART_CheckIdleState
 .text.HAL_UART_Init
                0x08003af4       0x5c .pio/build/nucleo_f767zi/SrcWrapper/src/HAL/stm32yyxx_hal_uart.c.o
                0x08003af4                HAL_UART_Init
 .text.HAL_HalfDuplex_Init
                0x08003b50       0x64 .pio/build/nucleo_f767zi/SrcWrapper/src/HAL/stm32yyxx_hal_uart.c.o
                0x08003b50                HAL_HalfDuplex_Init
 .text.UART_Start_Receive_IT
                0x08003bb4       0xb8 .pio/build/nucleo_f767zi/SrcWrapper/src/HAL/stm32yyxx_hal_uart.c.o
                0x08003bb4                UART_Start_Receive_IT
 .text.HAL_UART_Receive_IT
                0x08003c6c       0x3a .pio/build/nucleo_f767zi/SrcWrapper/src/HAL/stm32yyxx_hal_uart.c.o
                0x08003c6c                HAL_UART_Receive_IT
 .text._ZNSt8functionIFvvEEaSEDn.isra.0
                0x08003ca6       0x16 .pio/build/nucleo_f767zi/SrcWrapper/src/HardwareTimer.cpp.o
 .text._ZNSt14_Function_baseD2Ev
                0x08003cbc       0x12 .pio/build/nucleo_f767zi/SrcWrapper/src/HardwareTimer.cpp.o
                0x08003cbc                std::_Function_base::~_Function_base()
                0x08003cbc                std::_Function_base::~_Function_base()
 .text._ZN13HardwareTimer10getChannelEm
                0x08003cce        0xe .pio/build/nucleo_f767zi/SrcWrapper/src/HardwareTimer.cpp.o
                0x08003cce                HardwareTimer::getChannel(unsigned long)
 .text._ZN13HardwareTimer12getLLChannelEm
                0x08003cdc       0x44 .pio/build/nucleo_f767zi/SrcWrapper/src/HardwareTimer.cpp.o
                0x08003cdc                HardwareTimer::getLLChannel(unsigned long)
 .text._ZN13HardwareTimer5getITEm
                0x08003d20       0x14 .pio/build/nucleo_f767zi/SrcWrapper/src/HardwareTimer.cpp.o
                0x08003d20                HardwareTimer::getIT(unsigned long)
 .text._ZN13HardwareTimer20getAssociatedChannelEm
                0x08003d34       0x14 .pio/build/nucleo_f767zi/SrcWrapper/src/HardwareTimer.cpp.o
                0x08003d34                HardwareTimer::getAssociatedChannel(unsigned long)
 .text._ZN13HardwareTimer13resumeChannelEm
                0x08003d48       0xf6 .pio/build/nucleo_f767zi/SrcWrapper/src/HardwareTimer.cpp.o
                0x08003d48                HardwareTimer::resumeChannel(unsigned long)
 .text._ZN13HardwareTimer6resumeEv
                0x08003e3e       0x4c .pio/build/nucleo_f767zi/SrcWrapper/src/HardwareTimer.cpp.o
                0x08003e3e                HardwareTimer::resume()
 *fill*         0x08003e8a        0x2 
 .text._ZN13HardwareTimer7setModeEm12TimerModes_t7PinName20ChannelInputFilter_t
                0x08003e8c      0x238 .pio/build/nucleo_f767zi/SrcWrapper/src/HardwareTimer.cpp.o
                0x08003e8c                HardwareTimer::setMode(unsigned long, TimerModes_t, PinName, ChannelInputFilter_t)
 .text._ZN13HardwareTimer7getModeEm
                0x080040c4       0x10 .pio/build/nucleo_f767zi/SrcWrapper/src/HardwareTimer.cpp.o
                0x080040c4                HardwareTimer::getMode(unsigned long)
 .text._ZN13HardwareTimer7refreshEv
                0x080040d4        0x8 .pio/build/nucleo_f767zi/SrcWrapper/src/HardwareTimer.cpp.o
                0x080040d4                HardwareTimer::refresh()
 .text._ZN13HardwareTimer9isRunningEv
                0x080040dc        0xa .pio/build/nucleo_f767zi/SrcWrapper/src/HardwareTimer.cpp.o
                0x080040dc                HardwareTimer::isRunning()
 .text._ZN13HardwareTimer27updateRegistersIfNotRunningEP11TIM_TypeDef
                0x080040e6       0x3a .pio/build/nucleo_f767zi/SrcWrapper/src/HardwareTimer.cpp.o
                0x080040e6                HardwareTimer::updateRegistersIfNotRunning(TIM_TypeDef*)
 .text._Z15get_timer_indexP11TIM_TypeDef
                0x08004120       0xbc .pio/build/nucleo_f767zi/SrcWrapper/src/HardwareTimer.cpp.o
                0x08004120                get_timer_index(TIM_TypeDef*)
 .text._ZN13HardwareTimerD2Ev
                0x080041dc       0x40 .pio/build/nucleo_f767zi/SrcWrapper/src/HardwareTimer.cpp.o
                0x080041dc                HardwareTimer::~HardwareTimer()
                0x080041dc                HardwareTimer::~HardwareTimer()
 .text._ZN13HardwareTimer5setupEP11TIM_TypeDef
                0x0800421c       0x98 .pio/build/nucleo_f767zi/SrcWrapper/src/HardwareTimer.cpp.o
                0x0800421c                HardwareTimer::setup(TIM_TypeDef*)
 .text._ZN13HardwareTimer15getTimerClkFreqEv
                0x080042b4       0x8a .pio/build/nucleo_f767zi/SrcWrapper/src/HardwareTimer.cpp.o
                0x080042b4                HardwareTimer::getTimerClkFreq()
 *fill*         0x0800433e        0x2 
 .text._ZN13HardwareTimer11setOverflowEm13TimerFormat_t
                0x08004340       0x4c .pio/build/nucleo_f767zi/SrcWrapper/src/HardwareTimer.cpp.o
                0x08004340                HardwareTimer::setOverflow(unsigned long, TimerFormat_t)
 .text._ZN13HardwareTimer17setCaptureCompareEmm20TimerCompareFormat_t
                0x0800438c       0xb0 .pio/build/nucleo_f767zi/SrcWrapper/src/HardwareTimer.cpp.o
                0x0800438c                HardwareTimer::setCaptureCompare(unsigned long, unsigned long, TimerCompareFormat_t)
 .text.TIM1_UP_TIM10_IRQHandler
                0x0800443c       0x24 .pio/build/nucleo_f767zi/SrcWrapper/src/HardwareTimer.cpp.o
                0x0800443c                TIM1_UP_TIM10_IRQHandler
 .text.TIM1_CC_IRQHandler
                0x08004460       0x14 .pio/build/nucleo_f767zi/SrcWrapper/src/HardwareTimer.cpp.o
                0x08004460                TIM1_CC_IRQHandler
 .text.TIM2_IRQHandler
                0x08004474       0x14 .pio/build/nucleo_f767zi/SrcWrapper/src/HardwareTimer.cpp.o
                0x08004474                TIM2_IRQHandler
 .text.TIM3_IRQHandler
                0x08004488       0x14 .pio/build/nucleo_f767zi/SrcWrapper/src/HardwareTimer.cpp.o
                0x08004488                TIM3_IRQHandler
 .text.TIM4_IRQHandler
                0x0800449c       0x14 .pio/build/nucleo_f767zi/SrcWrapper/src/HardwareTimer.cpp.o
                0x0800449c                TIM4_IRQHandler
 .text.TIM5_IRQHandler
                0x080044b0       0x14 .pio/build/nucleo_f767zi/SrcWrapper/src/HardwareTimer.cpp.o
                0x080044b0                TIM5_IRQHandler
 .text.TIM6_DAC_IRQHandler
                0x080044c4       0x14 .pio/build/nucleo_f767zi/SrcWrapper/src/HardwareTimer.cpp.o
                0x080044c4                TIM6_DAC_IRQHandler
 .text.TIM7_IRQHandler
                0x080044d8       0x14 .pio/build/nucleo_f767zi/SrcWrapper/src/HardwareTimer.cpp.o
                0x080044d8                TIM7_IRQHandler
 .text.TIM8_UP_TIM13_IRQHandler
                0x080044ec       0x24 .pio/build/nucleo_f767zi/SrcWrapper/src/HardwareTimer.cpp.o
                0x080044ec                TIM8_UP_TIM13_IRQHandler
 .text.TIM8_CC_IRQHandler
                0x08004510       0x14 .pio/build/nucleo_f767zi/SrcWrapper/src/HardwareTimer.cpp.o
                0x08004510                TIM8_CC_IRQHandler
 .text.TIM1_BRK_TIM9_IRQHandler
                0x08004524       0x14 .pio/build/nucleo_f767zi/SrcWrapper/src/HardwareTimer.cpp.o
                0x08004524                TIM1_BRK_TIM9_IRQHandler
 .text.TIM1_TRG_COM_TIM11_IRQHandler
                0x08004538       0x14 .pio/build/nucleo_f767zi/SrcWrapper/src/HardwareTimer.cpp.o
                0x08004538                TIM1_TRG_COM_TIM11_IRQHandler
 .text.TIM8_BRK_TIM12_IRQHandler
                0x0800454c       0x14 .pio/build/nucleo_f767zi/SrcWrapper/src/HardwareTimer.cpp.o
                0x0800454c                TIM8_BRK_TIM12_IRQHandler
 .text.TIM8_TRG_COM_TIM14_IRQHandler
                0x08004560       0x14 .pio/build/nucleo_f767zi/SrcWrapper/src/HardwareTimer.cpp.o
                0x08004560                TIM8_TRG_COM_TIM14_IRQHandler
 .text._ZNSt8functionIFvvEEC2Ev
                0x08004574        0xc .pio/build/nucleo_f767zi/SrcWrapper/src/HardwareTimer.cpp.o
                0x08004574                std::function<void ()>::function()
                0x08004574                std::function<void ()>::function()
 .text._ZN13HardwareTimerC2EP11TIM_TypeDef
                0x08004580       0x2a .pio/build/nucleo_f767zi/SrcWrapper/src/HardwareTimer.cpp.o
                0x08004580                HardwareTimer::HardwareTimer(TIM_TypeDef*)
                0x08004580                HardwareTimer::HardwareTimer(TIM_TypeDef*)
 .text._ZNSt8functionIFvvEEC2ERKS1_
                0x080045aa       0x24 .pio/build/nucleo_f767zi/SrcWrapper/src/HardwareTimer.cpp.o
                0x080045aa                std::function<void ()>::function(std::function<void ()> const&)
                0x080045aa                std::function<void ()>::function(std::function<void ()> const&)
 .text._ZNKSt8functionIFvvEEclEv
                0x080045ce       0x12 .pio/build/nucleo_f767zi/SrcWrapper/src/HardwareTimer.cpp.o
                0x080045ce                std::function<void ()>::operator()() const
 .text._ZN13HardwareTimer14updateCallbackEP17TIM_HandleTypeDef
                0x080045e0       0x18 .pio/build/nucleo_f767zi/SrcWrapper/src/HardwareTimer.cpp.o
                0x080045e0                HardwareTimer::updateCallback(TIM_HandleTypeDef*)
 .text.HAL_TIM_PeriodElapsedCallback
                0x080045f8        0x4 .pio/build/nucleo_f767zi/SrcWrapper/src/HardwareTimer.cpp.o
                0x080045f8                HAL_TIM_PeriodElapsedCallback
 .text._ZN13HardwareTimer22captureCompareCallbackEP17TIM_HandleTypeDef
                0x080045fc       0x3e .pio/build/nucleo_f767zi/SrcWrapper/src/HardwareTimer.cpp.o
                0x080045fc                HardwareTimer::captureCompareCallback(TIM_HandleTypeDef*)
 .text.HAL_TIM_OC_DelayElapsedCallback
                0x0800463a        0x4 .pio/build/nucleo_f767zi/SrcWrapper/src/HardwareTimer.cpp.o
                0x0800463a                HAL_TIM_OC_DelayElapsedCallback
 .text.HAL_TIM_IC_CaptureCallback
                0x0800463e        0x4 .pio/build/nucleo_f767zi/SrcWrapper/src/HardwareTimer.cpp.o
                0x0800463e                HAL_TIM_IC_CaptureCallback
 .text._Znwj    0x08004642        0x4 .pio/build/nucleo_f767zi/SrcWrapper/src/new.cpp.o
                0x08004642                operator new(unsigned int)
 .text._ZdlPvj  0x08004646        0x4 .pio/build/nucleo_f767zi/SrcWrapper/src/new.cpp.o
                0x08004646                operator delete(void*, unsigned int)
 *fill*         0x0800464a        0x2 
 .text.set_GPIO_Port_Clock
                0x0800464c      0x158 .pio/build/nucleo_f767zi/SrcWrapper/src/stm32/PortNames.c.o
                0x0800464c                set_GPIO_Port_Clock
 .text.get_adc_channel
                0x080047a4       0x18 .pio/build/nucleo_f767zi/SrcWrapper/src/stm32/analog.cpp.o
                0x080047a4                get_adc_channel
 .text.get_adc_internal_channel
                0x080047bc       0x18 .pio/build/nucleo_f767zi/SrcWrapper/src/stm32/analog.cpp.o
                0x080047bc                get_adc_internal_channel
 .text.get_dac_channel
                0x080047d4       0x24 .pio/build/nucleo_f767zi/SrcWrapper/src/stm32/analog.cpp.o
                0x080047d4                get_dac_channel
 .text.HAL_DAC_MspInit
                0x080047f8       0x38 .pio/build/nucleo_f767zi/SrcWrapper/src/stm32/analog.cpp.o
                0x080047f8                HAL_DAC_MspInit
 .text.dac_write_value
                0x08004830       0x7c .pio/build/nucleo_f767zi/SrcWrapper/src/stm32/analog.cpp.o
                0x08004830                dac_write_value
 .text.HAL_DAC_MspDeInit
                0x080048ac       0x2c .pio/build/nucleo_f767zi/SrcWrapper/src/stm32/analog.cpp.o
                0x080048ac                HAL_DAC_MspDeInit
 .text.dac_stop
                0x080048d8       0x34 .pio/build/nucleo_f767zi/SrcWrapper/src/stm32/analog.cpp.o
                0x080048d8                dac_stop
 .text.HAL_ADC_MspInit
                0x0800490c       0x84 .pio/build/nucleo_f767zi/SrcWrapper/src/stm32/analog.cpp.o
                0x0800490c                HAL_ADC_MspInit
 .text.HAL_ADC_MspDeInit
                0x08004990       0x58 .pio/build/nucleo_f767zi/SrcWrapper/src/stm32/analog.cpp.o
                0x08004990                HAL_ADC_MspDeInit
 .text.adc_read_value
                0x080049e8      0x144 .pio/build/nucleo_f767zi/SrcWrapper/src/stm32/analog.cpp.o
                0x080049e8                adc_read_value
 .text.pwm_start
                0x08004b2c       0xa4 .pio/build/nucleo_f767zi/SrcWrapper/src/stm32/analog.cpp.o
                0x08004b2c                pwm_start
 .text.pwm_stop
                0x08004bd0       0x5c .pio/build/nucleo_f767zi/SrcWrapper/src/stm32/analog.cpp.o
                0x08004bd0                pwm_stop
 .text.getCurrentMillis
                0x08004c2c        0x4 .pio/build/nucleo_f767zi/SrcWrapper/src/stm32/clock.c.o
                0x08004c2c                getCurrentMillis
 .text.noOsSystickHandler
                0x08004c30        0x2 .pio/build/nucleo_f767zi/SrcWrapper/src/stm32/clock.c.o
                0x08004c30                osSystickHandler
                0x08004c30                noOsSystickHandler
 .text.SysTick_Handler
                0x08004c32       0x10 .pio/build/nucleo_f767zi/SrcWrapper/src/stm32/clock.c.o
                0x08004c32                SysTick_Handler
 .text.configHSECapacitorTuning
                0x08004c42        0x2 .pio/build/nucleo_f767zi/SrcWrapper/src/stm32/clock.c.o
                0x08004c42                configHSECapacitorTuning
 .text.configIPClock
                0x08004c44       0x44 .pio/build/nucleo_f767zi/SrcWrapper/src/stm32/clock.c.o
                0x08004c44                configIPClock
 .text.dwt_access
                0x08004c88       0x28 .pio/build/nucleo_f767zi/SrcWrapper/src/stm32/dwt.c.o
                0x08004c88                dwt_access
 .text.dwt_init
                0x08004cb0       0x44 .pio/build/nucleo_f767zi/SrcWrapper/src/stm32/dwt.c.o
                0x08004cb0                dwt_init
 .text.hw_config_init
                0x08004cf4       0x24 .pio/build/nucleo_f767zi/SrcWrapper/src/stm32/hw_config.c.o
                0x08004cf4                hw_config_init
 .text._ZNSt17_Function_handlerIFvvEPS0_E10_M_managerERSt9_Any_dataRKS3_St18_Manager_operation
                0x08004d18       0x20 .pio/build/nucleo_f767zi/SrcWrapper/src/stm32/interrupt.cpp.o
                0x08004d18                std::_Function_handler<void (), void (*)()>::_M_manager(std::_Any_data&, std::_Any_data const&, std::_Manager_operation)
 .text._ZNSt17_Function_handlerIFvvEPS0_E9_M_invokeERKSt9_Any_data
                0x08004d38        0x4 .pio/build/nucleo_f767zi/SrcWrapper/src/stm32/interrupt.cpp.o
                0x08004d38                std::_Function_handler<void (), void (*)()>::_M_invoke(std::_Any_data const&)
 .text.startup._ZNSt8functionIFvvEEC2EDn.constprop.0.isra.0
                0x08004d3c        0xc .pio/build/nucleo_f767zi/SrcWrapper/src/stm32/interrupt.cpp.o
 .text._Z23stm32_interrupt_disableP12GPIO_TypeDeft
                0x08004d48       0x74 .pio/build/nucleo_f767zi/SrcWrapper/src/stm32/interrupt.cpp.o
                0x08004d48                stm32_interrupt_disable(GPIO_TypeDef*, unsigned short)
 .text.HAL_GPIO_EXTI_Callback
                0x08004dbc       0x2c .pio/build/nucleo_f767zi/SrcWrapper/src/stm32/interrupt.cpp.o
                0x08004dbc                HAL_GPIO_EXTI_Callback
 .text.EXTI0_IRQHandler
                0x08004de8        0x6 .pio/build/nucleo_f767zi/SrcWrapper/src/stm32/interrupt.cpp.o
                0x08004de8                EXTI0_IRQHandler
 .text.EXTI1_IRQHandler
                0x08004dee        0x6 .pio/build/nucleo_f767zi/SrcWrapper/src/stm32/interrupt.cpp.o
                0x08004dee                EXTI1_IRQHandler
 .text.EXTI2_IRQHandler
                0x08004df4        0x6 .pio/build/nucleo_f767zi/SrcWrapper/src/stm32/interrupt.cpp.o
                0x08004df4                EXTI2_IRQHandler
 .text.EXTI3_IRQHandler
                0x08004dfa        0x6 .pio/build/nucleo_f767zi/SrcWrapper/src/stm32/interrupt.cpp.o
                0x08004dfa                EXTI3_IRQHandler
 .text.EXTI4_IRQHandler
                0x08004e00        0x6 .pio/build/nucleo_f767zi/SrcWrapper/src/stm32/interrupt.cpp.o
                0x08004e00                EXTI4_IRQHandler
 .text.EXTI9_5_IRQHandler
                0x08004e06       0x16 .pio/build/nucleo_f767zi/SrcWrapper/src/stm32/interrupt.cpp.o
                0x08004e06                EXTI9_5_IRQHandler
 .text.EXTI15_10_IRQHandler
                0x08004e1c       0x18 .pio/build/nucleo_f767zi/SrcWrapper/src/stm32/interrupt.cpp.o
                0x08004e1c                EXTI15_10_IRQHandler
 .text._Z22stm32_interrupt_enableP12GPIO_TypeDeftSt8functionIFvvEEm
                0x08004e34       0xa8 .pio/build/nucleo_f767zi/SrcWrapper/src/stm32/interrupt.cpp.o
                0x08004e34                stm32_interrupt_enable(GPIO_TypeDef*, unsigned short, std::function<void ()>, unsigned long)
 .text.startup._GLOBAL__sub_I__Z22stm32_interrupt_enableP12GPIO_TypeDeftSt8functionIFvvEEm
                0x08004edc       0xd8 .pio/build/nucleo_f767zi/SrcWrapper/src/stm32/interrupt.cpp.o
 .text.exit._GLOBAL__sub_D__Z22stm32_interrupt_enableP12GPIO_TypeDeftSt8functionIFvvEEm
                0x08004fb4       0x1c .pio/build/nucleo_f767zi/SrcWrapper/src/stm32/interrupt.cpp.o
 .text.LL_GPIO_SetPinPull
                0x08004fd0       0x2a .pio/build/nucleo_f767zi/SrcWrapper/src/stm32/pinmap.c.o
 .text.pin_in_pinmap
                0x08004ffa       0x1e .pio/build/nucleo_f767zi/SrcWrapper/src/stm32/pinmap.c.o
                0x08004ffa                pin_in_pinmap
 .text.pin_function
                0x08005018      0x124 .pio/build/nucleo_f767zi/SrcWrapper/src/stm32/pinmap.c.o
                0x08005018                pin_function
 .text.pinmap_pinout
                0x0800513c       0x1a .pio/build/nucleo_f767zi/SrcWrapper/src/stm32/pinmap.c.o
                0x0800513c                pinmap_pinout
 .text.pinmap_find_peripheral
                0x08005156       0x16 .pio/build/nucleo_f767zi/SrcWrapper/src/stm32/pinmap.c.o
                0x08005156                pinmap_find_peripheral
 .text.pinmap_peripheral
                0x0800516c        0xc .pio/build/nucleo_f767zi/SrcWrapper/src/stm32/pinmap.c.o
                0x0800516c                pinmap_peripheral
 .text.pinmap_find_pin
                0x08005178       0x16 .pio/build/nucleo_f767zi/SrcWrapper/src/stm32/pinmap.c.o
                0x08005178                pinmap_find_pin
 .text.pinmap_pin
                0x0800518e        0xc .pio/build/nucleo_f767zi/SrcWrapper/src/stm32/pinmap.c.o
                0x0800518e                pinmap_pin
 .text.pinmap_find_function
                0x0800519a       0x16 .pio/build/nucleo_f767zi/SrcWrapper/src/stm32/pinmap.c.o
                0x0800519a                pinmap_find_function
 .text.pinmap_function
                0x080051b0        0xa .pio/build/nucleo_f767zi/SrcWrapper/src/stm32/pinmap.c.o
                0x080051b0                pinmap_function
 .text.pinmap_merge_peripheral
                0x080051ba       0x14 .pio/build/nucleo_f767zi/SrcWrapper/src/stm32/pinmap.c.o
                0x080051ba                pinmap_merge_peripheral
 *fill*         0x080051ce        0x2 
 .text.SystemInit
                0x080051d0       0x50 .pio/build/nucleo_f767zi/SrcWrapper/src/stm32/system_stm32yyxx.c.o
                0x080051d0                SystemInit
 .text.get_timer_obj
                0x08005220        0x4 .pio/build/nucleo_f767zi/SrcWrapper/src/stm32/timer.c.o
                0x08005220                get_timer_obj
 .text.enableTimerClock
                0x08005224      0x1d0 .pio/build/nucleo_f767zi/SrcWrapper/src/stm32/timer.c.o
                0x08005224                enableTimerClock
 .text.disableTimerClock
                0x080053f4      0x130 .pio/build/nucleo_f767zi/SrcWrapper/src/stm32/timer.c.o
                0x080053f4                disableTimerClock
 .text.getTimerUpIrq
                0x08005524       0xbc .pio/build/nucleo_f767zi/SrcWrapper/src/stm32/timer.c.o
                0x08005524                getTimerUpIrq
 .text.getTimerCCIrq
                0x080055e0       0xc4 .pio/build/nucleo_f767zi/SrcWrapper/src/stm32/timer.c.o
                0x080055e0                getTimerCCIrq
 .text.HAL_TIM_Base_MspInit
                0x080056a4       0x4e .pio/build/nucleo_f767zi/SrcWrapper/src/stm32/timer.c.o
                0x080056a4                HAL_TIM_Base_MspInit
 *fill*         0x080056f2        0x2 
 .text.getTimerClkSrc
                0x080056f4       0x9c .pio/build/nucleo_f767zi/SrcWrapper/src/stm32/timer.c.o
                0x080056f4                getTimerClkSrc
 .text.getTimerChannel
                0x08005790       0x20 .pio/build/nucleo_f767zi/SrcWrapper/src/stm32/timer.c.o
                0x08005790                getTimerChannel
 .text.uart_init.part.0
                0x080057b0      0x368 .pio/build/nucleo_f767zi/SrcWrapper/src/stm32/uart.c.o
 .text.uart_init
                0x08005b18       0x16 .pio/build/nucleo_f767zi/SrcWrapper/src/stm32/uart.c.o
                0x08005b18                uart_init
 *fill*         0x08005b2e        0x2 
 .text.serial_rx_active
                0x08005b30       0x24 .pio/build/nucleo_f767zi/SrcWrapper/src/stm32/uart.c.o
                0x08005b30                serial_rx_active
 .text.serial_tx_active
                0x08005b54       0x24 .pio/build/nucleo_f767zi/SrcWrapper/src/stm32/uart.c.o
                0x08005b54                serial_tx_active
 .text.uart_getc
                0x08005b78       0x38 .pio/build/nucleo_f767zi/SrcWrapper/src/stm32/uart.c.o
                0x08005b78                uart_getc
 .text.uart_attach_rx_callback
                0x08005bb0       0x40 .pio/build/nucleo_f767zi/SrcWrapper/src/stm32/uart.c.o
                0x08005bb0                uart_attach_rx_callback
 .text.uart_attach_tx_callback
                0x08005bf0       0x44 .pio/build/nucleo_f767zi/SrcWrapper/src/stm32/uart.c.o
                0x08005bf0                uart_attach_tx_callback
 .text.uart_enable_tx
                0x08005c34       0x20 .pio/build/nucleo_f767zi/SrcWrapper/src/stm32/uart.c.o
                0x08005c34                uart_enable_tx
 .text.uart_enable_rx
                0x08005c54       0x20 .pio/build/nucleo_f767zi/SrcWrapper/src/stm32/uart.c.o
                0x08005c54                uart_enable_rx
 .text.HAL_UART_RxCpltCallback
                0x08005c74        0x8 .pio/build/nucleo_f767zi/SrcWrapper/src/stm32/uart.c.o
                0x08005c74                HAL_UART_RxCpltCallback
 .text.HAL_UART_TxCpltCallback
                0x08005c7c        0x8 .pio/build/nucleo_f767zi/SrcWrapper/src/stm32/uart.c.o
                0x08005c7c                HAL_UART_TxCpltCallback
 .text.HAL_UART_ErrorCallback
                0x08005c84       0x48 .pio/build/nucleo_f767zi/SrcWrapper/src/stm32/uart.c.o
                0x08005c84                HAL_UART_ErrorCallback
 .text.USART1_IRQHandler
                0x08005ccc       0x18 .pio/build/nucleo_f767zi/SrcWrapper/src/stm32/uart.c.o
                0x08005ccc                USART1_IRQHandler
 .text.USART2_IRQHandler
                0x08005ce4       0x1c .pio/build/nucleo_f767zi/SrcWrapper/src/stm32/uart.c.o
                0x08005ce4                USART2_IRQHandler
 .text.USART3_IRQHandler
                0x08005d00       0x1c .pio/build/nucleo_f767zi/SrcWrapper/src/stm32/uart.c.o
                0x08005d00                USART3_IRQHandler
 .text.UART4_IRQHandler
                0x08005d1c       0x18 .pio/build/nucleo_f767zi/SrcWrapper/src/stm32/uart.c.o
                0x08005d1c                UART4_IRQHandler
 .text.UART5_IRQHandler
                0x08005d34       0x18 .pio/build/nucleo_f767zi/SrcWrapper/src/stm32/uart.c.o
                0x08005d34                UART5_IRQHandler
 .text.USART6_IRQHandler
                0x08005d4c       0x18 .pio/build/nucleo_f767zi/SrcWrapper/src/stm32/uart.c.o
                0x08005d4c                USART6_IRQHandler
 .text.UART7_IRQHandler
                0x08005d64       0x18 .pio/build/nucleo_f767zi/SrcWrapper/src/stm32/uart.c.o
                0x08005d64                UART7_IRQHandler
 .text.UART8_IRQHandler
                0x08005d7c       0x18 .pio/build/nucleo_f767zi/SrcWrapper/src/stm32/uart.c.o
                0x08005d7c                UART8_IRQHandler
 .text.HAL_UARTEx_WakeupCallback
                0x08005d94        0xa .pio/build/nucleo_f767zi/SrcWrapper/src/stm32/uart.c.o
                0x08005d94                HAL_UARTEx_WakeupCallback
 *fill*         0x08005d9e        0x2 
 .text._sbrk    0x08005da0       0x3c .pio/build/nucleo_f767zi/SrcWrapper/src/syscalls.c.o
                0x08005da0                _sbrk
 .text._exit    0x08005ddc        0x2 .pio/build/nucleo_f767zi/SrcWrapper/src/syscalls.c.o
                0x08005ddc                _exit
 *fill*         0x08005dde        0x2 
 .text._kill    0x08005de0       0x10 .pio/build/nucleo_f767zi/SrcWrapper/src/syscalls.c.o
                0x08005de0                _kill
 .text._getpid  0x08005df0        0x4 .pio/build/nucleo_f767zi/SrcWrapper/src/syscalls.c.o
                0x08005df0                _getpid
 .text._Z19encodHipLeftHandlerv
                0x08005df4        0xc .pio/build/nucleo_f767zi/src/main.cpp.o
                0x08005df4                encodHipLeftHandler()
 .text._Z20encodKneeLeftHandlerv
                0x08005e00        0xc .pio/build/nucleo_f767zi/src/main.cpp.o
                0x08005e00                encodKneeLeftHandler()
 .text._Z20encodHipRightHandlerv
                0x08005e0c        0xc .pio/build/nucleo_f767zi/src/main.cpp.o
                0x08005e0c                encodHipRightHandler()
 .text._Z21encodKneeRightHandlerv
                0x08005e18        0xc .pio/build/nucleo_f767zi/src/main.cpp.o
                0x08005e18                encodKneeRightHandler()
 .text._ZN21DriverControllerMaxon9setEnableEb.isra.0
                0x08005e24        0x4 .pio/build/nucleo_f767zi/src/main.cpp.o
 .text._ZNK6String9substringEj
                0x08005e28        0xe .pio/build/nucleo_f767zi/src/main.cpp.o
                0x08005e28                String::substring(unsigned int) const
 *fill*         0x08005e36        0x2 
 .text._ZN8GyverPID14getResultTimerEv
                0x08005e38      0x104 .pio/build/nucleo_f767zi/src/main.cpp.o
                0x08005e38                GyverPID::getResultTimer()
 .text._Z9setupPinsv
                0x08005f3c       0x26 .pio/build/nucleo_f767zi/src/main.cpp.o
                0x08005f3c                setupPins()
 *fill*         0x08005f62        0x2 
 .text._Z10isSSChangev
                0x08005f64       0x1c .pio/build/nucleo_f767zi/src/main.cpp.o
                0x08005f64                isSSChange()
 .text._Z14getApproxHmnGtRfS_f
                0x08005f80      0x42c .pio/build/nucleo_f767zi/src/main.cpp.o
                0x08005f80                getApproxHmnGt(float&, float&, float)
 .text._Z10isZSChangev
                0x080063ac       0x1c .pio/build/nucleo_f767zi/src/main.cpp.o
                0x080063ac                isZSChange()
 .text._Z10setupEncodv
                0x080063c8       0x60 .pio/build/nucleo_f767zi/src/main.cpp.o
                0x080063c8                setupEncod()
 .text._Z11updateEncodv
                0x08006428       0x44 .pio/build/nucleo_f767zi/src/main.cpp.o
                0x08006428                updateEncod()
 .text._Z14setEncodScalesv
                0x0800646c       0x50 .pio/build/nucleo_f767zi/src/main.cpp.o
                0x0800646c                setEncodScales()
 .text._ZN21DriverControllerMaxonC2EiiifffiR7DEMS22A
                0x080064bc       0x84 .pio/build/nucleo_f767zi/src/main.cpp.o
                0x080064bc                DriverControllerMaxon::DriverControllerMaxon(int, int, int, float, float, float, int, DEMS22A&)
                0x080064bc                DriverControllerMaxon::DriverControllerMaxon(int, int, int, float, float, float, int, DEMS22A&)
 .text._ZN21DriverControllerMaxon17manualControlLinkEf
                0x08006540       0x7a .pio/build/nucleo_f767zi/src/main.cpp.o
                0x08006540                DriverControllerMaxon::manualControlLink(float)
 *fill*         0x080065ba        0x2 
 .text._ZN21DriverControllerMaxon11controlLinkEf
                0x080065bc       0xa8 .pio/build/nucleo_f767zi/src/main.cpp.o
                0x080065bc                DriverControllerMaxon::controlLink(float)
 .text._ZN21DriverControllerEncodC2EiiifffiR12DOptoEncoder
                0x08006664       0x88 .pio/build/nucleo_f767zi/src/main.cpp.o
                0x08006664                DriverControllerEncod::DriverControllerEncod(int, int, int, float, float, float, int, DOptoEncoder&)
                0x08006664                DriverControllerEncod::DriverControllerEncod(int, int, int, float, float, float, int, DOptoEncoder&)
 .text._ZN21DriverControllerEncod16manualControlAdjEf
                0x080066ec       0x9a .pio/build/nucleo_f767zi/src/main.cpp.o
                0x080066ec                DriverControllerEncod::manualControlAdj(float)
 .text._ZN21DriverControllerEncod13controlAdjEncEf
                0x08006786       0xc4 .pio/build/nucleo_f767zi/src/main.cpp.o
                0x08006786                DriverControllerEncod::controlAdjEnc(float)
 .text._ZN21DriverControllerPoten13manualControlEf
                0x0800684a       0x5c .pio/build/nucleo_f767zi/src/main.cpp.o
                0x0800684a                DriverControllerPoten::manualControl(float)
 .text._ZN21DriverControllerPoten13controlAdjPotEf
                0x080068a6       0x7a .pio/build/nucleo_f767zi/src/main.cpp.o
                0x080068a6                DriverControllerPoten::controlAdjPot(float)
 .text._Z11splitString6StringcPS_iRi
                0x08006920       0x88 .pio/build/nucleo_f767zi/src/main.cpp.o
                0x08006920                splitString(String, char, String*, int, int&)
 .text._Z16directKinematicsff
                0x080069a8       0xc4 .pio/build/nucleo_f767zi/src/main.cpp.o
                0x080069a8                directKinematics(float, float)
 *fill*         0x08006a6c        0x4 
 .text._Z25trajectoryPlannerForWalk1ff
                0x08006a70      0x30c .pio/build/nucleo_f767zi/src/main.cpp.o
                0x08006a70                trajectoryPlannerForWalk1(float, float)
 *fill*         0x08006d7c        0x4 
 .text._Z25trajectoryPlannerForWalk2f
                0x08006d80      0x40c .pio/build/nucleo_f767zi/src/main.cpp.o
                0x08006d80                trajectoryPlannerForWalk2(float)
 .text._Z17inverseKinematicsffffffff
                0x0800718c      0x150 .pio/build/nucleo_f767zi/src/main.cpp.o
                0x0800718c                inverseKinematics(float, float, float, float, float, float, float, float)
 .text._Z17setMotorSpeedLinkii
                0x080072dc       0x7c .pio/build/nucleo_f767zi/src/main.cpp.o
                0x080072dc                setMotorSpeedLink(int, int)
 .text._Z17stopAllMotorsLinkv
                0x08007358       0x68 .pio/build/nucleo_f767zi/src/main.cpp.o
                0x08007358                stopAllMotorsLink()
 .text._Z15setAngleDesirediff
                0x080073c0      0x5ac .pio/build/nucleo_f767zi/src/main.cpp.o
                0x080073c0                setAngleDesired(int, float, float)
 .text._Z16stopAllMotorsAdjv
                0x0800796c       0x9c .pio/build/nucleo_f767zi/src/main.cpp.o
                0x0800796c                stopAllMotorsAdj()
 .text._Z13updateSensorsv
                0x08007a08       0x94 .pio/build/nucleo_f767zi/src/main.cpp.o
                0x08007a08                updateSensors()
 .text._Z11sendingDatav
                0x08007a9c       0xdc .pio/build/nucleo_f767zi/src/main.cpp.o
                0x08007a9c                sendingData()
 .text.setup    0x08007b78       0x30 .pio/build/nucleo_f767zi/src/main.cpp.o
                0x08007b78                setup
 .text._ZN13Median_filterIiLi3EE8filteredEi
                0x08007ba8       0x74 .pio/build/nucleo_f767zi/src/main.cpp.o
                0x08007ba8                Median_filter<int, 3>::filtered(int)
 .text._ZN9RA_filterIiLi8EE8filteredEi
                0x08007c1c       0x28 .pio/build/nucleo_f767zi/src/main.cpp.o
                0x08007c1c                RA_filter<int, 8>::filtered(int)
 .text._Z19getAngleFootLeftADCv
                0x08007c44       0x54 .pio/build/nucleo_f767zi/src/main.cpp.o
                0x08007c44                getAngleFootLeftADC()
 .text._Z20getAngleFootRightADCv
                0x08007c98       0x54 .pio/build/nucleo_f767zi/src/main.cpp.o
                0x08007c98                getAngleFootRightADC()
 .text._ZNSt8functionIFvvEEC2IRS0_vEEOT_
                0x08007cec       0x18 .pio/build/nucleo_f767zi/src/main.cpp.o
                0x08007cec                std::function<void ()>::function<void (&)(), void>(void (&)())
                0x08007cec                std::function<void ()>::function<void (&)(), void>(void (&)())
 .text._Z16setMotorSpeedAdjii
                0x08007d04      0x118 .pio/build/nucleo_f767zi/src/main.cpp.o
                0x08007d04                setMotorSpeedAdj(int, int)
 .text._Z18SetPositionDesirediff
                0x08007e1c      0x560 .pio/build/nucleo_f767zi/src/main.cpp.o
                0x08007e1c                SetPositionDesired(int, float, float)
 .text.startup._GLOBAL__sub_I__Z9setupPinsv
                0x0800837c      0x378 .pio/build/nucleo_f767zi/src/main.cpp.o
 .text.exit._GLOBAL__sub_D__Z9setupPinsv
                0x080086f4       0x24 .pio/build/nucleo_f767zi/src/main.cpp.o
 .text._Z11mainControlv
                0x08008718     0x39f4 .pio/build/nucleo_f767zi/src/main.cpp.o
                0x08008718                mainControl()
 .text.loop     0x0800c10c       0x12 .pio/build/nucleo_f767zi/src/main.cpp.o
                0x0800c10c                loop
 .text._ZN3BLA6MatrixILi4ELi1ENS_5ArrayILi4ELi1EdEEEaSINS_5TransINS1_ILi1ELi4EdEEEEEERS3_RKNS0_ILi4ELi1ET_EE.isra.0
                0x0800c11e       0x16 .pio/build/nucleo_f767zi/lib1c5/libDPolynomial.a(DPolynomial.cpp.o)
 .text._ZN12Polynomial_310isFinishedEv
                0x0800c134       0x12 .pio/build/nucleo_f767zi/lib1c5/libDPolynomial.a(DPolynomial.cpp.o)
                0x0800c134                Polynomial_3::isFinished()
 .text._ZN12Polynomial_318_getTrajectoryTimeEv
                0x0800c146       0x36 .pio/build/nucleo_f767zi/lib1c5/libDPolynomial.a(DPolynomial.cpp.o)
                0x0800c146                Polynomial_3::_getTrajectoryTime()
 .text._ZSt3powImiEN9__gnu_cxx11__promote_2IDTplcvNS1_IT_XsrSt12__is_integerIS2_E7__valueEE6__typeELi0EcvNS1_IT0_XsrS3_IS7_E7__valueEE6__typeELi0EEXsrS3_ISB_E7__valueEE6__typeES2_S7_
                0x0800c17c       0x30 .pio/build/nucleo_f767zi/lib1c5/libDPolynomial.a(DPolynomial.cpp.o)
                0x0800c17c                __gnu_cxx::__promote_2<decltype (((__gnu_cxx::__promote_2<unsigned long, std::__is_integer<unsigned long>::__value>::__type)(0))+((__gnu_cxx::__promote_2<int, std::__is_integer<int>::__value>::__type)(0))), std::__is_integer<decltype (((__gnu_cxx::__promote_2<unsigned long, std::__is_integer<unsigned long>::__value>::__type)(0))+((__gnu_cxx::__promote_2<int, std::__is_integer<int>::__value>::__type)(0)))>::__value>::__type std::pow<unsigned long, int>(unsigned long, int)
 .text._ZNK3BLA6MatrixILi4ELi4ENS_5ArrayILi4ELi4EdEEEmlILi1ENS1_ILi4ELi1EdEEEENS0_ILi4EXT_ENS1_ILi4EXT_EdEEEERKNS0_ILi4EXT_ET0_EE
                0x0800c1ac       0x8a .pio/build/nucleo_f767zi/lib1c5/libDPolynomial.a(DPolynomial.cpp.o)
                0x0800c1ac                BLA::Matrix<4, 1, BLA::Array<4, 1, double> > BLA::Matrix<4, 4, BLA::Array<4, 4, double> >::operator*<1, BLA::Array<4, 1, double> >(BLA::Matrix<4, 1, BLA::Array<4, 1, double> > const&) const
 .text._ZSt3powIdiEN9__gnu_cxx11__promote_2IDTplcvNS1_IT_XsrSt12__is_integerIS2_E7__valueEE6__typeELi0EcvNS1_IT0_XsrS3_IS7_E7__valueEE6__typeELi0EEXsrS3_ISB_E7__valueEE6__typeES2_S7_
                0x0800c236       0x2a .pio/build/nucleo_f767zi/lib1c5/libDPolynomial.a(DPolynomial.cpp.o)
                0x0800c236                __gnu_cxx::__promote_2<decltype (((__gnu_cxx::__promote_2<double, std::__is_integer<double>::__value>::__type)(0))+((__gnu_cxx::__promote_2<int, std::__is_integer<int>::__value>::__type)(0))), std::__is_integer<decltype (((__gnu_cxx::__promote_2<double, std::__is_integer<double>::__value>::__type)(0))+((__gnu_cxx::__promote_2<int, std::__is_integer<int>::__value>::__type)(0)))>::__value>::__type std::pow<double, int>(double, int)
 .text._ZN12Polynomial_39_getPointEd
                0x0800c260       0x86 .pio/build/nucleo_f767zi/lib1c5/libDPolynomial.a(DPolynomial.cpp.o)
                0x0800c260                Polynomial_3::_getPoint(double)
 .text._ZN12Polynomial_311getPositionEv
                0x0800c2e6       0x1a .pio/build/nucleo_f767zi/lib1c5/libDPolynomial.a(DPolynomial.cpp.o)
                0x0800c2e6                Polynomial_3::getPosition()
 .text._ZN3BLA11LUDecomposeILi4ENS_5ArrayILi4ELi4EdEEEENS_15LUDecompositionIXT_ET0_EERNS_6MatrixIXT_EXT_ES4_EE
                0x0800c300      0x2bc .pio/build/nucleo_f767zi/lib1c5/libDPolynomial.a(DPolynomial.cpp.o)
                0x0800c300                BLA::LUDecomposition<4, BLA::Array<4, 4, double> > BLA::LUDecompose<4, BLA::Array<4, 4, double> >(BLA::Matrix<4, 4, BLA::Array<4, 4, double> >&)
 *fill*         0x0800c5bc        0x4 
 .text._ZN3BLA7LUSolveILi4ENS_5ArrayILi4ELi4EdEENS1_ILi4ELi1EdEEEENS_6MatrixIXT_ELi1ENS1_IXT_ELi1ENT1_6elem_tEEEEERKNS_15LUDecompositionIXT_ET0_EERKNS4_IXT_ELi1ES5_EE
                0x0800c5c0      0x138 .pio/build/nucleo_f767zi/lib1c5/libDPolynomial.a(DPolynomial.cpp.o)
                0x0800c5c0                BLA::Matrix<4, 1, BLA::Array<4, 1, BLA::Array<4, 1, double>::elem_t> > BLA::LUSolve<4, BLA::Array<4, 4, double>, BLA::Array<4, 1, double> >(BLA::LUDecomposition<4, BLA::Array<4, 4, double> > const&, BLA::Matrix<4, 1, BLA::Array<4, 1, double> > const&)
 .text._ZN3BLA6InvertILi4ENS_5ArrayILi4ELi4EdEEEEbRKNS_6MatrixIXT_EXT_ET0_EERS5_.isra.0
                0x0800c6f8       0x88 .pio/build/nucleo_f767zi/lib1c5/libDPolynomial.a(DPolynomial.cpp.o)
 .text._ZN12Polynomial_39calculateEdddddd
                0x0800c780      0x194 .pio/build/nucleo_f767zi/lib1c5/libDPolynomial.a(DPolynomial.cpp.o)
                0x0800c780                Polynomial_3::calculate(double, double, double, double, double, double)
 *fill*         0x0800c914        0x4 
 .text._ZN12Polynomial_39calculateEddd
                0x0800c918      0x124 .pio/build/nucleo_f767zi/lib1c5/libDPolynomial.a(DPolynomial.cpp.o)
                0x0800c918                Polynomial_3::calculate(double, double, double)
 .text._ZN7DEMS22AC2Eiii
                0x0800ca3c       0x2e .pio/build/nucleo_f767zi/libb79/libDEMS22A.a(DEMS22A.cpp.o)
                0x0800ca3c                DEMS22A::DEMS22A(int, int, int)
                0x0800ca3c                DEMS22A::DEMS22A(int, int, int)
 *fill*         0x0800ca6a        0x6 
 .text._ZN7DEMS22A14getPositionDegEv
                0x0800ca70       0x38 .pio/build/nucleo_f767zi/libb79/libDEMS22A.a(DEMS22A.cpp.o)
                0x0800ca70                DEMS22A::getPositionDeg()
 .text.unlikely._ZN7DEMS22A9setOffsetEi
                0x0800caa8        0x2 .pio/build/nucleo_f767zi/libb79/libDEMS22A.a(DEMS22A.cpp.o)
                0x0800caa8                DEMS22A::setOffset(int)
 *fill*         0x0800caaa        0x2 
 .text._ZN7DEMS22A11_clock_riseEv
                0x0800caac       0x50 .pio/build/nucleo_f767zi/libb79/libDEMS22A.a(DEMS22A.cpp.o)
                0x0800caac                DEMS22A::_clock_rise()
 .text._ZN7DEMS22A6updateEv
                0x0800cafc       0x4e .pio/build/nucleo_f767zi/libb79/libDEMS22A.a(DEMS22A.cpp.o)
                0x0800cafc                DEMS22A::update()
 .text._ZN12DOptoEncoderC2Ei
                0x0800cb4a       0x16 .pio/build/nucleo_f767zi/lib931/libDOptoEncoder.a(DOptoEncoder.cpp.o)
                0x0800cb4a                DOptoEncoder::DOptoEncoder(int)
                0x0800cb4a                DOptoEncoder::DOptoEncoder(int)
 .text._ZN12DOptoEncoder6updateEv
                0x0800cb60       0x2a .pio/build/nucleo_f767zi/lib931/libDOptoEncoder.a(DOptoEncoder.cpp.o)
                0x0800cb60                DOptoEncoder::update()
 .text._ZN12DOptoEncoder12setScaleCoefEf
                0x0800cb8a        0x6 .pio/build/nucleo_f767zi/lib931/libDOptoEncoder.a(DOptoEncoder.cpp.o)
                0x0800cb8a                DOptoEncoder::setScaleCoef(float)
 .text._ZN12DOptoEncoder11getPositionEv
                0x0800cb90       0x12 .pio/build/nucleo_f767zi/lib931/libDOptoEncoder.a(DOptoEncoder.cpp.o)
                0x0800cb90                DOptoEncoder::getPosition()
 .text._ZN12DOptoEncoder9setVectorEb
                0x0800cba2        0x4 .pio/build/nucleo_f767zi/lib931/libDOptoEncoder.a(DOptoEncoder.cpp.o)
                0x0800cba2                DOptoEncoder::setVector(bool)
 .text._ZN12DOptoEncoder7setZeroEv
                0x0800cba6        0x6 .pio/build/nucleo_f767zi/lib931/libDOptoEncoder.a(DOptoEncoder.cpp.o)
                0x0800cba6                DOptoEncoder::setZero()
 .text._ZN14HardwareSerial9availableEv
                0x0800cbac       0x10 .pio/build/nucleo_f767zi/libFrameworkArduino.a(HardwareSerial.cpp.o)
                0x0800cbac                HardwareSerial::available()
 .text._ZN14HardwareSerial4peekEv
                0x0800cbbc       0x1a .pio/build/nucleo_f767zi/libFrameworkArduino.a(HardwareSerial.cpp.o)
                0x0800cbbc                HardwareSerial::peek()
 .text._ZN14HardwareSerial17availableForWriteEv
                0x0800cbd6       0x1c .pio/build/nucleo_f767zi/libFrameworkArduino.a(HardwareSerial.cpp.o)
                0x0800cbd6                HardwareSerial::availableForWrite()
 .text._ZN14HardwareSerial5writeEh
                0x0800cbf2       0x18 .pio/build/nucleo_f767zi/libFrameworkArduino.a(HardwareSerial.cpp.o)
                0x0800cbf2                HardwareSerial::write(unsigned char)
 .text._ZN14HardwareSerial16_rx_complete_irqEP8serial_s
                0x0800cc0a       0x38 .pio/build/nucleo_f767zi/libFrameworkArduino.a(HardwareSerial.cpp.o)
                0x0800cc0a                HardwareSerial::_rx_complete_irq(serial_s*)
 *fill*         0x0800cc42        0x2 
 .text._ZN14HardwareSerial16_tx_complete_irqEP8serial_s
                0x0800cc44       0x64 .pio/build/nucleo_f767zi/libFrameworkArduino.a(HardwareSerial.cpp.o)
                0x0800cc44                HardwareSerial::_tx_complete_irq(serial_s*)
 .text._ZN14HardwareSerial5writeEPKhj
                0x0800cca8       0xe4 .pio/build/nucleo_f767zi/libFrameworkArduino.a(HardwareSerial.cpp.o)
                0x0800cca8                HardwareSerial::write(unsigned char const*, unsigned int)
 .text._ZN14HardwareSerial4initE7PinNameS0_S0_S0_
                0x0800cd8c       0x32 .pio/build/nucleo_f767zi/libFrameworkArduino.a(HardwareSerial.cpp.o)
                0x0800cd8c                HardwareSerial::init(PinName, PinName, PinName, PinName)
 *fill*         0x0800cdbe        0x2 
 .text._ZN14HardwareSerialC2EPv16HalfDuplexMode_t
                0x0800cdc0       0x9c .pio/build/nucleo_f767zi/libFrameworkArduino.a(HardwareSerial.cpp.o)
                0x0800cdc0                HardwareSerial::HardwareSerial(void*, HalfDuplexMode_t)
                0x0800cdc0                HardwareSerial::HardwareSerial(void*, HalfDuplexMode_t)
 .text._ZN14HardwareSerial5flushEm
                0x0800ce5c       0x36 .pio/build/nucleo_f767zi/libFrameworkArduino.a(HardwareSerial.cpp.o)
                0x0800ce5c                HardwareSerial::flush(unsigned long)
 .text._ZN14HardwareSerial5flushEv
                0x0800ce92        0x6 .pio/build/nucleo_f767zi/libFrameworkArduino.a(HardwareSerial.cpp.o)
                0x0800ce92                HardwareSerial::flush()
 .text._ZN14HardwareSerial18enableHalfDuplexRxEv
                0x0800ce98       0x2c .pio/build/nucleo_f767zi/libFrameworkArduino.a(HardwareSerial.cpp.o)
                0x0800ce98                HardwareSerial::enableHalfDuplexRx()
 .text._ZN14HardwareSerial5beginEmh
                0x0800cec4       0x7c .pio/build/nucleo_f767zi/libFrameworkArduino.a(HardwareSerial.cpp.o)
                0x0800cec4                HardwareSerial::begin(unsigned long, unsigned char)
 .text._ZN14HardwareSerial4readEv
                0x0800cf40       0x2e .pio/build/nucleo_f767zi/libFrameworkArduino.a(HardwareSerial.cpp.o)
                0x0800cf40                HardwareSerial::read()
 *fill*         0x0800cf6e        0x2 
 .text.startup._GLOBAL__sub_I_Serial3
                0x0800cf70       0x14 .pio/build/nucleo_f767zi/libFrameworkArduino.a(HardwareSerial.cpp.o)
 .text._ZN5Print5writeEPKc
                0x0800cf84       0x20 .pio/build/nucleo_f767zi/libFrameworkArduino.a(Print.cpp.o)
                0x0800cf84                Print::write(char const*)
 .text._ZN5Print5printEPKc
                0x0800cfa4        0x8 .pio/build/nucleo_f767zi/libFrameworkArduino.a(Print.cpp.o)
                0x0800cfa4                Print::print(char const*)
 .text._ZN5Print5printEc
                0x0800cfac        0x6 .pio/build/nucleo_f767zi/libFrameworkArduino.a(Print.cpp.o)
                0x0800cfac                Print::print(char)
 *fill*         0x0800cfb2        0x2 
 .text._ZN5Print7printlnEv
                0x0800cfb4       0x10 .pio/build/nucleo_f767zi/libFrameworkArduino.a(Print.cpp.o)
                0x0800cfb4                Print::println()
 .text._ZN5Print11printNumberEmh
                0x0800cfc4       0x3e .pio/build/nucleo_f767zi/libFrameworkArduino.a(Print.cpp.o)
                0x0800cfc4                Print::printNumber(unsigned long, unsigned char)
 .text._ZN5Print5printEmi
                0x0800d002       0x1a .pio/build/nucleo_f767zi/libFrameworkArduino.a(Print.cpp.o)
                0x0800d002                Print::print(unsigned long, int)
 .text._ZN5Print10printFloatIfEEjT_h
                0x0800d01c      0x104 .pio/build/nucleo_f767zi/libFrameworkArduino.a(Print.cpp.o)
                0x0800d01c                unsigned int Print::printFloat<float>(float, unsigned char)
 .text._ZN5Print5printEfi
                0x0800d120        0xa .pio/build/nucleo_f767zi/libFrameworkArduino.a(Print.cpp.o)
                0x0800d120                Print::print(float, int)
 .text._ZN5Print7printlnEfi
                0x0800d12a       0x16 .pio/build/nucleo_f767zi/libFrameworkArduino.a(Print.cpp.o)
                0x0800d12a                Print::println(float, int)
 .text._ZN6Stream9timedReadEv
                0x0800d140       0x2a .pio/build/nucleo_f767zi/libFrameworkArduino.a(Stream.cpp.o)
                0x0800d140                Stream::timedRead()
 .text._ZN6Stream9readBytesEPcj
                0x0800d16a       0x22 .pio/build/nucleo_f767zi/libFrameworkArduino.a(Stream.cpp.o)
                0x0800d16a                Stream::readBytes(char*, unsigned int)
 .text._ZN6Stream14readBytesUntilEcPcj
                0x0800d18c       0x30 .pio/build/nucleo_f767zi/libFrameworkArduino.a(Stream.cpp.o)
                0x0800d18c                Stream::readBytesUntil(char, char*, unsigned int)
 .text._ZN6Stream15readStringUntilEc
                0x0800d1bc       0x30 .pio/build/nucleo_f767zi/libFrameworkArduino.a(Stream.cpp.o)
                0x0800d1bc                Stream::readStringUntil(char)
 .text._Z15detachInterruptm
                0x0800d1ec       0x60 .pio/build/nucleo_f767zi/libFrameworkArduino.a(WInterrupts.cpp.o)
                0x0800d1ec                detachInterrupt(unsigned long)
 .text._Z15attachInterruptmSt8functionIFvvEEm
                0x0800d24c       0x9c .pio/build/nucleo_f767zi/libFrameworkArduino.a(WInterrupts.cpp.o)
                0x0800d24c                attachInterrupt(unsigned long, std::function<void ()>, unsigned long)
 .text._Z3maplllll
                0x0800d2e8       0x14 .pio/build/nucleo_f767zi/libFrameworkArduino.a(WMath.cpp.o)
                0x0800d2e8                map(long, long, long, long, long)
 .text._ZN6StringD2Ev
                0x0800d2fc        0xe .pio/build/nucleo_f767zi/libFrameworkArduino.a(WString.cpp.o)
                0x0800d2fc                String::~String()
                0x0800d2fc                String::~String()
 .text._ZN6String10invalidateEv
                0x0800d30a       0x16 .pio/build/nucleo_f767zi/libFrameworkArduino.a(WString.cpp.o)
                0x0800d30a                String::invalidate()
 .text._ZN6String12changeBufferEj
                0x0800d320       0x18 .pio/build/nucleo_f767zi/libFrameworkArduino.a(WString.cpp.o)
                0x0800d320                String::changeBuffer(unsigned int)
 .text._ZN6String7reserveEj
                0x0800d338       0x22 .pio/build/nucleo_f767zi/libFrameworkArduino.a(WString.cpp.o)
                0x0800d338                String::reserve(unsigned int)
 .text._ZN6String4copyEPKcj
                0x0800d35a       0x26 .pio/build/nucleo_f767zi/libFrameworkArduino.a(WString.cpp.o)
                0x0800d35a                String::copy(char const*, unsigned int)
 .text._ZN6StringC2EPKc
                0x0800d380       0x24 .pio/build/nucleo_f767zi/libFrameworkArduino.a(WString.cpp.o)
                0x0800d380                String::String(char const*)
                0x0800d380                String::String(char const*)
 .text._ZN6String4moveERS_
                0x0800d3a4       0x3c .pio/build/nucleo_f767zi/libFrameworkArduino.a(WString.cpp.o)
                0x0800d3a4                String::move(String&)
 .text._ZN6StringaSERKS_
                0x0800d3e0       0x1e .pio/build/nucleo_f767zi/libFrameworkArduino.a(WString.cpp.o)
                0x0800d3e0                String::operator=(String const&)
 .text._ZN6StringC2ERKS_
                0x0800d3fe       0x14 .pio/build/nucleo_f767zi/libFrameworkArduino.a(WString.cpp.o)
                0x0800d3fe                String::String(String const&)
                0x0800d3fe                String::String(String const&)
 .text._ZN6StringaSEOS_
                0x0800d412       0x10 .pio/build/nucleo_f767zi/libFrameworkArduino.a(WString.cpp.o)
                0x0800d412                String::operator=(String&&)
 .text._ZN6StringaSEPKc
                0x0800d422       0x22 .pio/build/nucleo_f767zi/libFrameworkArduino.a(WString.cpp.o)
                0x0800d422                String::operator=(char const*)
 .text._ZN6String6concatEPKcj
                0x0800d444       0x2e .pio/build/nucleo_f767zi/libFrameworkArduino.a(WString.cpp.o)
                0x0800d444                String::concat(char const*, unsigned int)
 .text._ZN6String6concatERKS_
                0x0800d472        0x8 .pio/build/nucleo_f767zi/libFrameworkArduino.a(WString.cpp.o)
                0x0800d472                String::concat(String const&)
 .text._ZN6String6concatEc
                0x0800d47a       0x1a .pio/build/nucleo_f767zi/libFrameworkArduino.a(WString.cpp.o)
                0x0800d47a                String::concat(char)
 .text._ZN6String6concatEi
                0x0800d494       0x22 .pio/build/nucleo_f767zi/libFrameworkArduino.a(WString.cpp.o)
                0x0800d494                String::concat(int)
 .text._ZNK6String6equalsEPKc
                0x0800d4b6       0x24 .pio/build/nucleo_f767zi/libFrameworkArduino.a(WString.cpp.o)
                0x0800d4b6                String::equals(char const*) const
 .text._ZNK6String10startsWithERKS_j
                0x0800d4da       0x2c .pio/build/nucleo_f767zi/libFrameworkArduino.a(WString.cpp.o)
                0x0800d4da                String::startsWith(String const&, unsigned int) const
 .text._ZNK6String10startsWithERKS_
                0x0800d506       0x12 .pio/build/nucleo_f767zi/libFrameworkArduino.a(WString.cpp.o)
                0x0800d506                String::startsWith(String const&) const
 .text._ZNK6String7indexOfEcj
                0x0800d518       0x1c .pio/build/nucleo_f767zi/libFrameworkArduino.a(WString.cpp.o)
                0x0800d518                String::indexOf(char, unsigned int) const
 .text._ZNK6String7indexOfEc
                0x0800d534        0x6 .pio/build/nucleo_f767zi/libFrameworkArduino.a(WString.cpp.o)
                0x0800d534                String::indexOf(char) const
 .text._ZNK6String11lastIndexOfEcj
                0x0800d53a       0x2e .pio/build/nucleo_f767zi/libFrameworkArduino.a(WString.cpp.o)
                0x0800d53a                String::lastIndexOf(char, unsigned int) const
 .text._ZNK6String11lastIndexOfEc
                0x0800d568        0x8 .pio/build/nucleo_f767zi/libFrameworkArduino.a(WString.cpp.o)
                0x0800d568                String::lastIndexOf(char) const
 .text._ZNK6String9substringEjj
                0x0800d570       0x50 .pio/build/nucleo_f767zi/libFrameworkArduino.a(WString.cpp.o)
                0x0800d570                String::substring(unsigned int, unsigned int) const
 .text._ZNK6String5toIntEv
                0x0800d5c0        0xa .pio/build/nucleo_f767zi/libFrameworkArduino.a(WString.cpp.o)
                0x0800d5c0                String::toInt() const
 .text.ltoa     0x0800d5ca       0x80 .pio/build/nucleo_f767zi/libFrameworkArduino.a(itoa.c.o)
                0x0800d5ca                ltoa
 .text.itoa     0x0800d64a        0x4 .pio/build/nucleo_f767zi/libFrameworkArduino.a(itoa.c.o)
                0x0800d64a                itoa
 *fill*         0x0800d64e        0x2 
 .text.startup._Z7premainv
                0x0800d650       0x94 .pio/build/nucleo_f767zi/libFrameworkArduino.a(main.cpp.o)
                0x0800d650                premain()
 .text.startup.main
                0x0800d6e4       0x14 .pio/build/nucleo_f767zi/libFrameworkArduino.a(main.cpp.o)
                0x0800d6e4                main
 .text.Reset_Handler
                0x0800d6f8       0x50 .pio/build/nucleo_f767zi/libFrameworkArduino.a(startup_stm32yyxx.S.o)
                0x0800d6f8                Reset_Handler
 .text.Default_Handler
                0x0800d748        0x2 .pio/build/nucleo_f767zi/libFrameworkArduino.a(startup_stm32yyxx.S.o)
                0x0800d748                RTC_Alarm_IRQHandler
                0x0800d748                DebugMon_Handler
                0x0800d748                SPI4_IRQHandler
                0x0800d748                DMA2_Stream5_IRQHandler
                0x0800d748                HardFault_Handler
                0x0800d748                JPEG_IRQHandler
                0x0800d748                DMA1_Stream5_IRQHandler
                0x0800d748                CAN3_RX1_IRQHandler
                0x0800d748                PVD_IRQHandler
                0x0800d748                TAMP_STAMP_IRQHandler
                0x0800d748                PendSV_Handler
                0x0800d748                NMI_Handler
                0x0800d748                CAN2_RX1_IRQHandler
                0x0800d748                DFSDM1_FLT1_IRQHandler
                0x0800d748                I2C3_ER_IRQHandler
                0x0800d748                DFSDM1_FLT2_IRQHandler
                0x0800d748                I2C2_EV_IRQHandler
                0x0800d748                DMA1_Stream2_IRQHandler
                0x0800d748                CAN1_RX0_IRQHandler
                0x0800d748                FPU_IRQHandler
                0x0800d748                OTG_HS_WKUP_IRQHandler
                0x0800d748                CAN3_SCE_IRQHandler
                0x0800d748                UsageFault_Handler
                0x0800d748                LTDC_ER_IRQHandler
                0x0800d748                CAN2_SCE_IRQHandler
                0x0800d748                DMA2_Stream2_IRQHandler
                0x0800d748                SPI1_IRQHandler
                0x0800d748                DCMI_IRQHandler
                0x0800d748                CAN2_RX0_IRQHandler
                0x0800d748                DMA2_Stream3_IRQHandler
                0x0800d748                SAI2_IRQHandler
                0x0800d748                DFSDM1_FLT3_IRQHandler
                0x0800d748                CAN3_RX0_IRQHandler
                0x0800d748                CAN1_RX1_IRQHandler
                0x0800d748                DMA2_Stream0_IRQHandler
                0x0800d748                QUADSPI_IRQHandler
                0x0800d748                I2C1_EV_IRQHandler
                0x0800d748                DMA1_Stream6_IRQHandler
                0x0800d748                DMA1_Stream1_IRQHandler
                0x0800d748                RCC_IRQHandler
                0x0800d748                Default_Handler
                0x0800d748                CEC_IRQHandler
                0x0800d748                ADC_IRQHandler
                0x0800d748                DMA1_Stream7_IRQHandler
                0x0800d748                SPI5_IRQHandler
                0x0800d748                SDMMC1_IRQHandler
                0x0800d748                CAN2_TX_IRQHandler
                0x0800d748                DMA2_Stream7_IRQHandler
                0x0800d748                I2C3_EV_IRQHandler
                0x0800d748                RTC_WKUP_IRQHandler
                0x0800d748                LTDC_IRQHandler
                0x0800d748                ETH_WKUP_IRQHandler
                0x0800d748                SPDIF_RX_IRQHandler
                0x0800d748                SPI2_IRQHandler
                0x0800d748                OTG_HS_EP1_IN_IRQHandler
                0x0800d748                MemManage_Handler
                0x0800d748                DMA1_Stream0_IRQHandler
                0x0800d748                CAN1_TX_IRQHandler
                0x0800d748                SVC_Handler
                0x0800d748                RNG_IRQHandler
                0x0800d748                ETH_IRQHandler
                0x0800d748                OTG_HS_EP1_OUT_IRQHandler
                0x0800d748                WWDG_IRQHandler
                0x0800d748                SPI6_IRQHandler
                0x0800d748                MDIOS_IRQHandler
                0x0800d748                I2C4_EV_IRQHandler
                0x0800d748                CAN3_TX_IRQHandler
                0x0800d748                OTG_FS_WKUP_IRQHandler
                0x0800d748                OTG_HS_IRQHandler
                0x0800d748                DMA2D_IRQHandler
                0x0800d748                SDMMC2_IRQHandler
                0x0800d748                DFSDM1_FLT0_IRQHandler
                0x0800d748                I2C2_ER_IRQHandler
                0x0800d748                DMA2_Stream1_IRQHandler
                0x0800d748                CAN1_SCE_IRQHandler
                0x0800d748                FLASH_IRQHandler
                0x0800d748                DMA2_Stream4_IRQHandler
                0x0800d748                BusFault_Handler
                0x0800d748                OTG_FS_IRQHandler
                0x0800d748                SPI3_IRQHandler
                0x0800d748                DMA1_Stream4_IRQHandler
                0x0800d748                I2C1_ER_IRQHandler
                0x0800d748                FMC_IRQHandler
                0x0800d748                LPTIM1_IRQHandler
                0x0800d748                I2C4_ER_IRQHandler
                0x0800d748                DMA2_Stream6_IRQHandler
                0x0800d748                SAI1_IRQHandler
                0x0800d748                DMA1_Stream3_IRQHandler
 .text.mapResolution
                0x0800d74a       0x26 .pio/build/nucleo_f767zi/libFrameworkArduino.a(wiring_analog.c.o)
 .text.analogReadResolution
                0x0800d770       0x3c .pio/build/nucleo_f767zi/libFrameworkArduino.a(wiring_analog.c.o)
                0x0800d770                analogReadResolution
 .text.analogWriteResolution
                0x0800d7ac       0x20 .pio/build/nucleo_f767zi/libFrameworkArduino.a(wiring_analog.c.o)
                0x0800d7ac                analogWriteResolution
 .text.analogRead
                0x0800d7cc       0x2c .pio/build/nucleo_f767zi/libFrameworkArduino.a(wiring_analog.c.o)
                0x0800d7cc                analogRead
 .text.analogWrite
                0x0800d7f8      0x120 .pio/build/nucleo_f767zi/libFrameworkArduino.a(wiring_analog.c.o)
                0x0800d7f8                analogWrite
 .text.pinMode  0x0800d918       0xd4 .pio/build/nucleo_f767zi/libFrameworkArduino.a(wiring_digital.c.o)
                0x0800d918                pinMode
 .text.digitalWrite
                0x0800d9ec       0x6c .pio/build/nucleo_f767zi/libFrameworkArduino.a(wiring_digital.c.o)
                0x0800d9ec                digitalWrite
 .text.digitalRead
                0x0800da58       0x78 .pio/build/nucleo_f767zi/libFrameworkArduino.a(wiring_digital.c.o)
                0x0800da58                digitalRead
 .text.millis   0x0800dad0        0x4 .pio/build/nucleo_f767zi/libFrameworkArduino.a(wiring_time.c.o)
                0x0800dad0                millis
 .text._Z14serialEventRunv
                0x0800dad4       0x1c .pio/build/nucleo_f767zi/libFrameworkArduino.a(WSerial.cpp.o)
                0x0800dad4                serialEventRun()
 .text.init     0x0800daf0        0x4 .pio/build/nucleo_f767zi/libFrameworkArduino.a(board.c.o)
                0x0800daf0                init
 .text.analogInputToPinName
                0x0800daf4       0x78 .pio/build/nucleo_f767zi/libFrameworkArduino.a(pins_arduino.c.o)
                0x0800daf4                analogInputToPinName
 .text.__udivmoddi4
                0x0800db6c      0x2bc c:/users/andre/.platformio/packages/toolchain-gccarmnoneeabi/bin/../lib/gcc/arm-none-eabi/12.3.1/thumb/v7e-m+fp/hard\libgcc.a(_udivmoddi4.o)
                0x0800db6c                __udivmoddi4
 .text.unlikely._ZSt25__throw_bad_function_callv
                0x0800de28        0x6 c:/users/andre/.platformio/packages/toolchain-gccarmnoneeabi/bin/../lib/gcc/arm-none-eabi/12.3.1/../../../../arm-none-eabi/lib/thumb/v7e-m+fp/hard\libstdc++_nano.a(functional.o)
                0x0800de28                std::__throw_bad_function_call()
 *fill*         0x0800de2e        0x2 
 .text.pow      0x0800de30       0xf0 c:/users/andre/.platformio/packages/toolchain-gccarmnoneeabi/bin/../lib/gcc/arm-none-eabi/12.3.1/../../../../arm-none-eabi/lib/thumb/v7e-m+fp/hard\libm.a(libm_a-w_pow.o)
                0x0800de30                pow
 .text.cos      0x0800df20       0x88 c:/users/andre/.platformio/packages/toolchain-gccarmnoneeabi/bin/../lib/gcc/arm-none-eabi/12.3.1/../../../../arm-none-eabi/lib/thumb/v7e-m+fp/hard\libm.a(libm_a-s_cos.o)
                0x0800df20                cos
 .text.sin      0x0800dfa8       0x90 c:/users/andre/.platformio/packages/toolchain-gccarmnoneeabi/bin/../lib/gcc/arm-none-eabi/12.3.1/../../../../arm-none-eabi/lib/thumb/v7e-m+fp/hard\libm.a(libm_a-s_sin.o)
                0x0800dfa8                sin
 .text.cosf     0x0800e038       0x70 c:/users/andre/.platformio/packages/toolchain-gccarmnoneeabi/bin/../lib/gcc/arm-none-eabi/12.3.1/../../../../arm-none-eabi/lib/thumb/v7e-m+fp/hard\libm.a(libm_a-sf_cos.o)
                0x0800e038                cosf
 .text.sinf     0x0800e0a8       0x74 c:/users/andre/.platformio/packages/toolchain-gccarmnoneeabi/bin/../lib/gcc/arm-none-eabi/12.3.1/../../../../arm-none-eabi/lib/thumb/v7e-m+fp/hard\libm.a(libm_a-sf_sin.o)
                0x0800e0a8                sinf
 .text.finite   0x0800e11c       0x18 c:/users/andre/.platformio/packages/toolchain-gccarmnoneeabi/bin/../lib/gcc/arm-none-eabi/12.3.1/../../../../arm-none-eabi/lib/thumb/v7e-m+fp/hard\libm.a(libm_a-s_finite.o)
                0x0800e11c                finite
 *fill*         0x0800e134        0x4 
 .text.__kernel_cos
                0x0800e138      0x264 c:/users/andre/.platformio/packages/toolchain-gccarmnoneeabi/bin/../lib/gcc/arm-none-eabi/12.3.1/../../../../arm-none-eabi/lib/thumb/v7e-m+fp/hard\libm.a(libm_a-k_cos.o)
                0x0800e138                __kernel_cos
 *fill*         0x0800e39c        0x4 
 .text.__kernel_sin
                0x0800e3a0      0x17c c:/users/andre/.platformio/packages/toolchain-gccarmnoneeabi/bin/../lib/gcc/arm-none-eabi/12.3.1/../../../../arm-none-eabi/lib/thumb/v7e-m+fp/hard\libm.a(libm_a-k_sin.o)
                0x0800e3a0                __kernel_sin
 *fill*         0x0800e51c        0x4 
 .text.__ieee754_pow
                0x0800e520      0xbec c:/users/andre/.platformio/packages/toolchain-gccarmnoneeabi/bin/../lib/gcc/arm-none-eabi/12.3.1/../../../../arm-none-eabi/lib/thumb/v7e-m+fp/hard\libm.a(libm_a-e_pow.o)
                0x0800e520                __ieee754_pow
 *fill*         0x0800f10c        0x4 
 .text.__ieee754_rem_pio2
                0x0800f110      0x444 c:/users/andre/.platformio/packages/toolchain-gccarmnoneeabi/bin/../lib/gcc/arm-none-eabi/12.3.1/../../../../arm-none-eabi/lib/thumb/v7e-m+fp/hard\libm.a(libm_a-e_rem_pio2.o)
                0x0800f110                __ieee754_rem_pio2
 .text.fabs     0x0800f554       0x10 c:/users/andre/.platformio/packages/toolchain-gccarmnoneeabi/bin/../lib/gcc/arm-none-eabi/12.3.1/../../../../arm-none-eabi/lib/thumb/v7e-m+fp/hard\libm.a(libm_a-s_fabs.o)
                0x0800f554                fabs
 .text.__kernel_cosf
                0x0800f564      0x104 c:/users/andre/.platformio/packages/toolchain-gccarmnoneeabi/bin/../lib/gcc/arm-none-eabi/12.3.1/../../../../arm-none-eabi/lib/thumb/v7e-m+fp/hard\libm.a(libm_a-kf_cos.o)
                0x0800f564                __kernel_cosf
 .text.__kernel_sinf
                0x0800f668       0x90 c:/users/andre/.platformio/packages/toolchain-gccarmnoneeabi/bin/../lib/gcc/arm-none-eabi/12.3.1/../../../../arm-none-eabi/lib/thumb/v7e-m+fp/hard\libm.a(libm_a-kf_sin.o)
                0x0800f668                __kernel_sinf
 .text.__ieee754_rem_pio2f
                0x0800f6f8      0x260 c:/users/andre/.platformio/packages/toolchain-gccarmnoneeabi/bin/../lib/gcc/arm-none-eabi/12.3.1/../../../../arm-none-eabi/lib/thumb/v7e-m+fp/hard\libm.a(libm_a-ef_rem_pio2.o)
                0x0800f6f8                __ieee754_rem_pio2f
 .text.fabsf    0x0800f958       0x10 c:/users/andre/.platformio/packages/toolchain-gccarmnoneeabi/bin/../lib/gcc/arm-none-eabi/12.3.1/../../../../arm-none-eabi/lib/thumb/v7e-m+fp/hard\libm.a(libm_a-sf_fabs.o)
                0x0800f958                fabsf
 .text.scalbn   0x0800f968      0x114 c:/users/andre/.platformio/packages/toolchain-gccarmnoneeabi/bin/../lib/gcc/arm-none-eabi/12.3.1/../../../../arm-none-eabi/lib/thumb/v7e-m+fp/hard\libm.a(libm_a-s_scalbn.o)
                0x0800f968                scalbn
 .text.with_errno
                0x0800fa7c       0x24 c:/users/andre/.platformio/packages/toolchain-gccarmnoneeabi/bin/../lib/gcc/arm-none-eabi/12.3.1/../../../../arm-none-eabi/lib/thumb/v7e-m+fp/hard\libm.a(libm_a-math_err.o)
 .text.xflow    0x0800faa0       0x34 c:/users/andre/.platformio/packages/toolchain-gccarmnoneeabi/bin/../lib/gcc/arm-none-eabi/12.3.1/../../../../arm-none-eabi/lib/thumb/v7e-m+fp/hard\libm.a(libm_a-math_err.o)
 *fill*         0x0800fad4        0x4 
 .text.__math_uflow
                0x0800fad8       0x10 c:/users/andre/.platformio/packages/toolchain-gccarmnoneeabi/bin/../lib/gcc/arm-none-eabi/12.3.1/../../../../arm-none-eabi/lib/thumb/v7e-m+fp/hard\libm.a(libm_a-math_err.o)
                0x0800fad8                __math_uflow
 .text.__math_oflow
                0x0800fae8       0x10 c:/users/andre/.platformio/packages/toolchain-gccarmnoneeabi/bin/../lib/gcc/arm-none-eabi/12.3.1/../../../../arm-none-eabi/lib/thumb/v7e-m+fp/hard\libm.a(libm_a-math_err.o)
                0x0800fae8                __math_oflow
 .text.__ieee754_sqrt
                0x0800faf8      0x1f4 c:/users/andre/.platformio/packages/toolchain-gccarmnoneeabi/bin/../lib/gcc/arm-none-eabi/12.3.1/../../../../arm-none-eabi/lib/thumb/v7e-m+fp/hard\libm.a(libm_a-e_sqrt.o)
                0x0800faf8                __ieee754_sqrt
 *fill*         0x0800fcec        0x4 
 .text.__kernel_rem_pio2
                0x0800fcf0      0x87c c:/users/andre/.platformio/packages/toolchain-gccarmnoneeabi/bin/../lib/gcc/arm-none-eabi/12.3.1/../../../../arm-none-eabi/lib/thumb/v7e-m+fp/hard\libm.a(libm_a-k_rem_pio2.o)
                0x0800fcf0                __kernel_rem_pio2
 .text.__kernel_rem_pio2f
                0x0801056c      0x66c c:/users/andre/.platformio/packages/toolchain-gccarmnoneeabi/bin/../lib/gcc/arm-none-eabi/12.3.1/../../../../arm-none-eabi/lib/thumb/v7e-m+fp/hard\libm.a(libm_a-kf_rem_pio2.o)
                0x0801056c                __kernel_rem_pio2f
 .text.scalbnf  0x08010bd8       0xe4 c:/users/andre/.platformio/packages/toolchain-gccarmnoneeabi/bin/../lib/gcc/arm-none-eabi/12.3.1/../../../../arm-none-eabi/lib/thumb/v7e-m+fp/hard\libm.a(libm_a-sf_scalbn.o)
                0x08010bd8                scalbnf
 *fill*         0x08010cbc        0x4 
 .text.floor    0x08010cc0      0x108 c:/users/andre/.platformio/packages/toolchain-gccarmnoneeabi/bin/../lib/gcc/arm-none-eabi/12.3.1/../../../../arm-none-eabi/lib/thumb/v7e-m+fp/hard\libm.a(libm_a-s_floor.o)
                0x08010cc0                floor
 .text.floorf   0x08010dc8       0x94 c:/users/andre/.platformio/packages/toolchain-gccarmnoneeabi/bin/../lib/gcc/arm-none-eabi/12.3.1/../../../../arm-none-eabi/lib/thumb/v7e-m+fp/hard\libm.a(libm_a-sf_floor.o)
                0x08010dc8                floorf
 .text.abort    0x08010e5c        0xe c:/users/andre/.platformio/packages/toolchain-gccarmnoneeabi/bin/../lib/gcc/arm-none-eabi/12.3.1/../../../../arm-none-eabi/lib/thumb/v7e-m+fp/hard\libc_nano.a(libc_a-abort.o)
                0x08010e5c                abort
 .text.atol     0x08010e6a        0x8 c:/users/andre/.platformio/packages/toolchain-gccarmnoneeabi/bin/../lib/gcc/arm-none-eabi/12.3.1/../../../../arm-none-eabi/lib/thumb/v7e-m+fp/hard\libc_nano.a(libc_a-atol.o)
                0x08010e6a                atol
 *fill*         0x08010e72        0x2 
 .text.malloc   0x08010e74       0x10 c:/users/andre/.platformio/packages/toolchain-gccarmnoneeabi/bin/../lib/gcc/arm-none-eabi/12.3.1/../../../../arm-none-eabi/lib/thumb/v7e-m+fp/hard\libc_nano.a(libc_a-malloc.o)
                0x08010e74                malloc
 .text.free     0x08010e84       0x10 c:/users/andre/.platformio/packages/toolchain-gccarmnoneeabi/bin/../lib/gcc/arm-none-eabi/12.3.1/../../../../arm-none-eabi/lib/thumb/v7e-m+fp/hard\libc_nano.a(libc_a-malloc.o)
                0x08010e84                free
 .text.sbrk_aligned
                0x08010e94       0x44 c:/users/andre/.platformio/packages/toolchain-gccarmnoneeabi/bin/../lib/gcc/arm-none-eabi/12.3.1/../../../../arm-none-eabi/lib/thumb/v7e-m+fp/hard\libc_nano.a(libc_a-mallocr.o)
 .text._malloc_r
                0x08010ed8      0x100 c:/users/andre/.platformio/packages/toolchain-gccarmnoneeabi/bin/../lib/gcc/arm-none-eabi/12.3.1/../../../../arm-none-eabi/lib/thumb/v7e-m+fp/hard\libc_nano.a(libc_a-mallocr.o)
                0x08010ed8                _malloc_r
 .text.__malloc_lock
                0x08010fd8        0xc c:/users/andre/.platformio/packages/toolchain-gccarmnoneeabi/bin/../lib/gcc/arm-none-eabi/12.3.1/../../../../arm-none-eabi/lib/thumb/v7e-m+fp/hard\libc_nano.a(libc_a-mlock.o)
                0x08010fd8                __malloc_lock
 .text.__malloc_unlock